instrument	LABEL=ResearchTechnique
microscope	LABEL=ResearchTechnique
electron microscope	LABEL=ResearchTechnique
scanning electron microscope	LABEL=ResearchTechnique
transmission electron microscope	LABEL=ResearchTechnique
optical microscope	LABEL=ResearchTechnique
fluorescence microscope	LABEL=ResearchTechnique
scanning probe microsope	LABEL=ResearchTechnique
atomic force microscope	LABEL=ResearchTechnique
scanning tunneling microscope	LABEL=ResearchTechnique
magnetic force microscope	LABEL=ResearchTechnique
high resolution transmission electron microscope	LABEL=ResearchTechnique
scanning transmission electron microscope	LABEL=ResearchTechnique
differential interference contrast microscope	LABEL=ResearchTechnique
flow cytometer	LABEL=ResearchTechnique
coagulometer	LABEL=ResearchTechnique
hemocytometer	LABEL=ResearchTechnique
dynamic light scattering instrument	LABEL=ResearchTechnique
dynamic light scattering instrument	LABEL=ResearchTechnique
phase analysis light scattering instrument	LABEL=ResearchTechnique
phase analysis light scattering instrument	LABEL=ResearchTechnique
environmental transmission electron microscope	LABEL=ResearchTechnique
analytical balance	LABEL=ResearchTechnique
coulter counter	LABEL=ResearchTechnique
photometer	LABEL=ResearchTechnique
spectrophotometer	LABEL=ResearchTechnique
X-ray photoelectron spectrometer	LABEL=ResearchTechnique
zeta potential analyzer	LABEL=ResearchTechnique
capillary electrophoresis instrument	LABEL=ResearchTechnique
capillary electrophoresis instrument	LABEL=ResearchTechnique
energy dispersive spectrometer	LABEL=ResearchTechnique
gel filtration column	LABEL=ResearchTechnique
centrifuge	LABEL=ResearchTechnique