fluorescence microscopy	LABEL=ResearchTechnique
microscopy assay	LABEL=ResearchTechnique
confocal fluorescence microscopy	LABEL=ResearchTechnique
light microscopy	LABEL=ResearchTechnique
assay	LABEL=ResearchTechnique
Bernoulli trial	LABEL=ResearchTechnique
nuclear magnetic resonance 3D structure determination assay	LABEL=ResearchTechnique
3D structure determination assay	LABEL=ResearchTechnique
imaging assay	LABEL=ResearchTechnique
radioactivity detection	LABEL=ResearchTechnique
protein-protein interaction detection assay	LABEL=ResearchTechnique
transcription factor binding site assay	LABEL=ResearchTechnique
binding assay	LABEL=ResearchTechnique
metabolite profiling assay	LABEL=ResearchTechnique
measuring glucose concentration in blood serum assay	LABEL=ResearchTechnique
analyte assay	LABEL=ResearchTechnique
transcription profiling assay	LABEL=ResearchTechnique
DNA sequence feature detection assay	LABEL=ResearchTechnique
genotyping assay	LABEL=ResearchTechnique
DNA sequence variation detection assay	LABEL=ResearchTechnique
mass measurement assay	LABEL=ResearchTechnique
intra cellular electrophysiology recording assay	LABEL=ResearchTechnique
extracellular electrophysiology recording assay	LABEL=ResearchTechnique
mass spectrometry assay	LABEL=ResearchTechnique
clinical chemistry assay	LABEL=ResearchTechnique
copy number variation profiling assay	LABEL=ResearchTechnique
protein expression profiling assay	LABEL=ResearchTechnique
NMR spectroscopy assay	LABEL=ResearchTechnique
DNA sequencing assay	LABEL=ResearchTechnique
sequencing assay	LABEL=ResearchTechnique
hematology assay	LABEL=ResearchTechnique
DNA methylation profiling assay	LABEL=ResearchTechnique
epigenetic modification assay	LABEL=ResearchTechnique
enzyme-linked immunosorbent assay	LABEL=ResearchTechnique
BrdU incorporation assay	LABEL=ResearchTechnique
cell proliferation assay	LABEL=ResearchTechnique
flow cytometry assay	LABEL=ResearchTechnique
MHC tetramer/multimer assay measuring binding of a T cell epitope:MHC:TCR complex	LABEL=ResearchTechnique
tritiated thymidine incorporation assay	LABEL=ResearchTechnique
MeDIP-seq assay	LABEL=ResearchTechnique
ChIP assay	LABEL=ResearchTechnique
chain termination sequencing assay	LABEL=ResearchTechnique
DNA sequencing by synthesis assay	LABEL=ResearchTechnique
Helicos sequencing assay	LABEL=ResearchTechnique
survival assessment assay	LABEL=ResearchTechnique
Edman degradation	LABEL=ResearchTechnique
SOLiD sequencing assay	LABEL=ResearchTechnique
DNA sequencing by ligation assay	LABEL=ResearchTechnique
ChIP-seq assay	LABEL=ResearchTechnique
glucose tolerance test	LABEL=ResearchTechnique
Solexa sequencing assay	LABEL=ResearchTechnique
pyrosequencing assay	LABEL=ResearchTechnique
immune response assay	LABEL=ResearchTechnique
bisulfite sequencing assay	LABEL=ResearchTechnique
human antithrombin-III in blood assay	LABEL=ResearchTechnique
prothrombin time assay	LABEL=ResearchTechnique
antithrombin-III berichrome assay	LABEL=ResearchTechnique
spectrolyse heparin antifactor-Xa assay	LABEL=ResearchTechnique
measuring neural activity in the caudate nucleus assay	LABEL=ResearchTechnique
activated partial thromboplastin time assay	LABEL=ResearchTechnique
thrombin time assay	LABEL=ResearchTechnique
western blot analysis	LABEL=ResearchTechnique
immunoblot assay	LABEL=ResearchTechnique
northern blot assay	LABEL=ResearchTechnique
96-well neutralization assay	LABEL=ResearchTechnique
serum neutralization of viral infectivity assay	LABEL=ResearchTechnique
single-nucleotide-resolution nucleic acid structure mapping assay	LABEL=ResearchTechnique
viral hemagglutination assay	LABEL=ResearchTechnique
detection of specific nucleic acid polymers with complementary probes	LABEL=ResearchTechnique
viral hemagglutination inhibition assay	LABEL=ResearchTechnique
cell-cell killing assay	LABEL=ResearchTechnique
cytometry assay	LABEL=ResearchTechnique
in vivo cell killing assay	LABEL=ResearchTechnique
Southern blot assay	LABEL=ResearchTechnique
real time polymerase chain reaction assay	LABEL=ResearchTechnique
polymerase chain reaction assay	LABEL=ResearchTechnique
DEPC structure mapping assay	LABEL=ResearchTechnique
single-nucleotide-resolution nucleic acid structure mapping assay using chemical probing	LABEL=ResearchTechnique
in vitro cell killing assay	LABEL=ResearchTechnique
reporter cell line analyte detection bioassay	LABEL=ResearchTechnique
radio immuno assay	LABEL=ResearchTechnique
real time reverse-transcription polymerase chain reaction assay	LABEL=ResearchTechnique
X-ray crystallography assay	LABEL=ResearchTechnique
promoter activity detection by reporter gene assay	LABEL=ResearchTechnique
fluorescence detection assay	LABEL=ResearchTechnique
cytometric bead array assay	LABEL=ResearchTechnique
surface plasmon resonance binding assay	LABEL=ResearchTechnique
handedness assay	LABEL=ResearchTechnique
self reported handedness assessment	LABEL=ResearchTechnique
in live cell assay	LABEL=ResearchTechnique
in live organism assay	LABEL=ResearchTechnique
cell-cell binding detection by flow cytometry assay	LABEL=ResearchTechnique
in container assay	LABEL=ResearchTechnique
Edinburgh handedness assay	LABEL=ResearchTechnique
RNASE CL3 structure mapping assay	LABEL=ResearchTechnique
single-nucleotide-resolution nucleic acid structure mapping assay using enzymatic probing	LABEL=ResearchTechnique
CMCT structure mapping assay	LABEL=ResearchTechnique
MPE-Fe(II) structure mapping assay	LABEL=ResearchTechnique
ENU structure mapping assay	LABEL=ResearchTechnique
RNASE V1 structure mapping assay	LABEL=ResearchTechnique
kethoxal structure mapping assay	LABEL=ResearchTechnique
DMS structure mapping assay	LABEL=ResearchTechnique
DNASE 1 structure mapping assay	LABEL=ResearchTechnique
Rhodium DNA structure mapping assay	LABEL=ResearchTechnique
RNA ADA I RNA structure mapping assay	LABEL=ResearchTechnique
Lead structure mapping assay	LABEL=ResearchTechnique
RNASE T2 structure mapping assay	LABEL=ResearchTechnique
gene dosage assay	LABEL=ResearchTechnique
Fe-BABE RNA structure mapping assay	LABEL=ResearchTechnique
RNASE U2 structure mapping assay	LABEL=ResearchTechnique
binding constant determination assay	LABEL=ResearchTechnique
NMIA RNA structure mapping assay	LABEL=ResearchTechnique
Terbium RNA structure mapping assay	LABEL=ResearchTechnique
OH-radical structure mapping assay	LABEL=ResearchTechnique
RNASE T1 structure mapping assay	LABEL=ResearchTechnique
Nuclease S1 structure mapping assay	LABEL=ResearchTechnique
Ruthenium structure mapping assay	LABEL=ResearchTechnique
inline probing RNA structure mapping assay	LABEL=ResearchTechnique
3D structure determination of bound complex assay	LABEL=ResearchTechnique
age determination assay	LABEL=ResearchTechnique
reverse transcription polymerase chain reaction assay	LABEL=ResearchTechnique
RNA sequencing assay	LABEL=ResearchTechnique
efficacy of epitope intervention experiment	LABEL=ResearchTechnique
epitope protection from infectious challenge experiment	LABEL=ResearchTechnique
epitope protection experiment	LABEL=ResearchTechnique
epitope protection from tumor challenge experiment	LABEL=ResearchTechnique
epitope protection from infectious challenge experiment based on pathogen burden	LABEL=ResearchTechnique
infectious agent detection assay	LABEL=ResearchTechnique
epitope disease exacerbation experiment	LABEL=ResearchTechnique
epitope protection experiment based on survival	LABEL=ResearchTechnique
epitope treatment experiment	LABEL=ResearchTechnique
ELISPOT assay measuring epitope specific transforming growth factor-beta production by T cells	LABEL=ResearchTechnique
biological activity assay measuring epitope specific transforming growth factor-beta production by T cells	LABEL=ResearchTechnique
enzyme-linked immunospot assay	LABEL=ResearchTechnique
cytometric bead array assay measuring epitope specific IP-10 production by T cells	LABEL=ResearchTechnique
biological activity assay measuring epitope specific IP-10 production by T cells	LABEL=ResearchTechnique
biological activity assay measuring epitope specific interleukin-27 production by T cells	LABEL=ResearchTechnique
biological activity assay measuring epitope specific cytokine production by T cells	LABEL=ResearchTechnique
detection of specific nucleic acids with complementary probes assay measuring epitope specific transforming growth factor-beta production by T cells	LABEL=ResearchTechnique
ELISPOT assay measuring epitope specific granulocyte macrophage colony-stimulating factor production by T cells	LABEL=ResearchTechnique
biological activity assay measuring epitope specific granulocyte macrophage colony stimulating factor production by T cells	LABEL=ResearchTechnique
biological activity assay measuring epitope specific interleukin-10 production by T cells	LABEL=ResearchTechnique
cytometric bead array assay measuring epitope specific transforming growth factor-beta production by T cells	LABEL=ResearchTechnique
intracellular material detection assay measuring epitope specific perforin release	LABEL=ResearchTechnique
biological activity assay measuring epitope specific perforin release by T cells	LABEL=ResearchTechnique
cell culture analyte detection bioassay measuring epitope specific interleukin-2 production by T cells	LABEL=ResearchTechnique
biological activity assay measuring epitope specific interleukin-2 production by T cells	LABEL=ResearchTechnique
biological activity assay measuring epitope specific interleukin-22 production by T cells	LABEL=ResearchTechnique
biological activity assay measuring epitope specific interleukin-8 production by T cells	LABEL=ResearchTechnique
cell culture analyte detection bioassay measuring epitope specific interleukin-10 production by T cells	LABEL=ResearchTechnique
ChIP-chip by SNP array assay	LABEL=ResearchTechnique
ChIP-chip assay	LABEL=ResearchTechnique
ELISA measuring epitope specific RANTES production by T cells	LABEL=ResearchTechnique
biological activity assay measuring epitope specific RANTES production by T cells	LABEL=ResearchTechnique
cytometric bead array assay measuring epitope specific interleukin-1 beta production by T cells	LABEL=ResearchTechnique
biological activity assay measuring epitope specific interleukin-1 beta production by T cells	LABEL=ResearchTechnique
ELISPOT assay measuring epitope specific interleukin-6 production by T cells	LABEL=ResearchTechnique
biological activity assay measuring epitope specific interleukin-6 production by T cells	LABEL=ResearchTechnique
biological activity assay measuring epitope specific helper T cell enhancement of a B cell mediated immune response	LABEL=ResearchTechnique
biological activity assay measuring epitope specific T cell helper activity	LABEL=ResearchTechnique
plasmon resonance assay measuring the dissociation constant [KD] of a T cell epitope:MHC:TCR complex	LABEL=ResearchTechnique
assay measuring the dissociation constant [KD] of a T cell epitope:MHC:TCR complex	LABEL=ResearchTechnique
biological activity assay measuring epitope specific interleukin-5 production by T cells	LABEL=ResearchTechnique
ELISA measuring epitope specific transforming growth factor-beta production by T cells	LABEL=ResearchTechnique
transcription profiling by tiling array assay	LABEL=ResearchTechnique
transcription profiling by array assay	LABEL=ResearchTechnique
ELISA measuring epitope specific interleukin-22 production by T cells	LABEL=ResearchTechnique
biological activity assay measuring epitope specific interleukin-21 production by T cells	LABEL=ResearchTechnique
ELISA measuring epitope specific interleukin-9 production by T cells	LABEL=ResearchTechnique
biological activity assay measuring interleukin-9 production by T cells	LABEL=ResearchTechnique
intracellular cytokine staining assay measuring epitope specific interleukin-6 production by T cells	LABEL=ResearchTechnique
cell culture analyte detection bioassay measuring epitope specific interleukin-4 production by T cells	LABEL=ResearchTechnique
biological activity assay measuring epitope specific interleukin-4 production by T cells	LABEL=ResearchTechnique
detection of specific nucleic acids with complementary probes assay measuring epitope specific tumor necrosis factor production by T cells	LABEL=ResearchTechnique
biological activity assay measuring epitope specific tumor necrosis factor production by T cells	LABEL=ResearchTechnique
detection of specific nucleic acids with complementary probes assay measuring epitope specific tumor necrosis factor superfamily cytokine production by T cells	LABEL=ResearchTechnique
cytometric bead array assay measuring epitope specific monocyte chemotactic protein-1 production by T cells	LABEL=ResearchTechnique
biological activity assay measuring epitope specific monocyte chemotactic protein-1 production by T cells	LABEL=ResearchTechnique
ELISA measuring epitope specific interleukin-23 production by T cells	LABEL=ResearchTechnique
biological activity assay measuring epitope specific interleukin-23 production by T cells	LABEL=ResearchTechnique
detection of specific nucleic acids with complementary probes assay measuring epitope specific perforin release	LABEL=ResearchTechnique
ELISA measuring epitope specific tumor necrosis factor superfamily cytokine production by T cells	LABEL=ResearchTechnique
biological activity assay measuring epitope specific tumor necrosis factor superfamily cytokine production by T cells	LABEL=ResearchTechnique
genotyping by high throughput sequencing assay	LABEL=ResearchTechnique
microarray assay	LABEL=ResearchTechnique
biological activity assay measuring epitope specific interleukin-13 production by T cells	LABEL=ResearchTechnique
detection of specific nucleic acids with complementary probes assay measuring epitope specific interleukin-5 production by T cells	LABEL=ResearchTechnique
ELISA measuring epitope specific interleukin-3 production by T cells	LABEL=ResearchTechnique
biological activity assay measuring epitope specific interleukin-3 production by T cells	LABEL=ResearchTechnique
ELISA measuring epitope specific interleukin-1 alpha production by T cells	LABEL=ResearchTechnique
biological activity assay measuring epitope specific interleukin-1 alpha production by T cells	LABEL=ResearchTechnique
biological activity assay measuring epitope specific helper T cell enhancement of a T cell mediated immune response	LABEL=ResearchTechnique
DNA methylation profiling by high throughput sequencing assay	LABEL=ResearchTechnique
detection of specific nucleic acids with complementary probes assay measuring epitope specific interleukin-12 production by T cells	LABEL=ResearchTechnique
biological activity assay measuring epitope specific interleukin-12 production by T cells	LABEL=ResearchTechnique
biological activity assay measuring epitope specific cytotoxic T cell degranulation	LABEL=ResearchTechnique
assay measuring T cell epitope specific biological activity	LABEL=ResearchTechnique
cell culture analyte detection bioassay measuring epitope specific transforming growth factor-beta production by T cells	LABEL=ResearchTechnique
RNA-seq assay	LABEL=ResearchTechnique
ELISPOT assay measuring epitope specific tumor necrosis factor superfamily cytokine production by T cells	LABEL=ResearchTechnique
cell culture analyte detection bioassay measuring epitope specific interleukin-5 production by T cells	LABEL=ResearchTechnique
genotyping by array assay	LABEL=ResearchTechnique
biological activity assay measuring epitope specific chemokine (C-C motif) ligand 1 production by T cells	LABEL=ResearchTechnique
detection of specific nucleic acids with complementary probes assay measuring epitope specific interleukin-2 production by T cells	LABEL=ResearchTechnique
detection of specific nucleic acids with complementary probes assay measuring epitope specific interleukin-22 production by T cells	LABEL=ResearchTechnique
biological activity assay measuring epitope specific interleukin-16 production by T cells	LABEL=ResearchTechnique
ELISA measuring epitope specific IP-10 production by T cells	LABEL=ResearchTechnique
translation profiling assay	LABEL=ResearchTechnique
ELISA measuring epitope specific interleukin-15 production by T cells	LABEL=ResearchTechnique
biological activity assay measuring epitope specific interleukin-15 production by T cells	LABEL=ResearchTechnique
cytometric bead array assay measuring epitope specific interleukin-12 production by T cells	LABEL=ResearchTechnique
ELISA measuring epitope specific lymphotoxin A production by T cells	LABEL=ResearchTechnique
biological activity assay measuring epitope specific lymphotoxin A production by T cells	LABEL=ResearchTechnique
cytometric bead array assay measuring epitope specific interleukin-5 production by T cells	LABEL=ResearchTechnique
detection of specific nucleic acids with complementary probes assay measuring epitope specific interleukin-17 production by T cells	LABEL=ResearchTechnique
biological activity assay measuring epitope specific interleukin-17 production by T cells	LABEL=ResearchTechnique
cytometric bead array assay measuring epitope specific interleukin-17 production by T cells	LABEL=ResearchTechnique
cytometric bead array assay measuring epitope specific interleukin-10 production by T cells	LABEL=ResearchTechnique
detection of specific nucleic acids with complementary probes assay measuring epitope specific interleukin-21 production by T cells	LABEL=ResearchTechnique
intracellular cytokine staining assay measuring epitope specific interleukin-5 production by T cells	LABEL=ResearchTechnique
cytometric bead array assay measuring epitope specific interleukin-2 production by T cells	LABEL=ResearchTechnique
cell culture analyte detection bioassay measuring epitope specific interleukin-16 production by T cells	LABEL=ResearchTechnique
ELISA measuring epitope specific macrophage inflammatory protein-1 alpha production by T cells	LABEL=ResearchTechnique
biological activity assay measuring epitope specific macrophage inflammatory protein-1 alpha production by T cells	LABEL=ResearchTechnique
intracellular cytokine staining assay measuring epitope specific granulocyte macrophage colony-stimulating factor production by T cells	LABEL=ResearchTechnique
RNAi profiling by array assay	LABEL=ResearchTechnique
intracellular cytokine staining assay measuring epitope specific interleukin-13 production by T cells	LABEL=ResearchTechnique
X-ray crystallography assay determining the 3D structure of a T cell epitope:MHC:TCR complex	LABEL=ResearchTechnique
3D structure determining assay of a T cell epitope:MHC:TCR complex	LABEL=ResearchTechnique
ELISA measuring epitope specific chemokine (C-C motif) ligand 1 production by T cells	LABEL=ResearchTechnique
flow cytometry assay measuring cell-cell binding of a T cell epitope:MHC:TCR complex	LABEL=ResearchTechnique
assay measuring qualitiative binding of a T cell epitope:MHC:TCR complex	LABEL=ResearchTechnique
proteomic profiling by array assay	LABEL=ResearchTechnique
cell culture analyte detection bioassay measuring epitope specific interferon-gamma production by T cells	LABEL=ResearchTechnique
biological activity assay measuring epitope specific interferon-gamma production by T cells	LABEL=ResearchTechnique
ELISPOT assay measuring epitope specific granzyme B release by T cells	LABEL=ResearchTechnique
biological activity assay measuring epitope specific granzyme B release by T cells	LABEL=ResearchTechnique
in vivo assay measuring T cell epitope specific tolerance induction	LABEL=ResearchTechnique
biological activity assay measuring T cell epitope specific in vivo activity	LABEL=ResearchTechnique
tolerance induction intervention experiment	LABEL=ResearchTechnique
detection of specific nucleic acids with complementary probes assay measuring epitope specific RANTES production by T cells	LABEL=ResearchTechnique
cytometric bead array assay measuring epitope specific interleukin-4 production by T cells	LABEL=ResearchTechnique
ELISA measuring epitope specific chemokine (C-X-C motif) ligand 9 production by T cells	LABEL=ResearchTechnique
biological activity assay measuring epitope specific chemokine (C-X-C motif) ligand 9 production by T cells	LABEL=ResearchTechnique
DNA methylation profiling by array assay	LABEL=ResearchTechnique
microRNA profiling by array assay	LABEL=ResearchTechnique
microRNA profiling assay	LABEL=ResearchTechnique
detection of specific nucleic acids with complementary probes assay measuring epitope specific interleukin-4 production by T cells	LABEL=ResearchTechnique
cell culture analyte detection bioassay measuring epitope specific granulocyte macrophage colony-stimulating factor production by T cells	LABEL=ResearchTechnique
intracellular cytokine staining assay measuring epitope specific interleukin-21 production by T cells	LABEL=ResearchTechnique
detection of specific nucleic acids with complementary probes assay measuring epitope specific monocyte chemotactic protein-1 production by T cells	LABEL=ResearchTechnique
ELISA measuring epitope specific monocyte chemotactic protein-1 production by T cells	LABEL=ResearchTechnique
biological activity assay measuring epitope specific chemokine (C-C motif) ligand 4 production by T cells	LABEL=ResearchTechnique
ELISA measuring epitope specific interleukin-21 production by T cells	LABEL=ResearchTechnique
in vivo skin test assay measuring T cell epitope specific type IV hypersensitivity	LABEL=ResearchTechnique
cytometric bead array assay measuring epitope specific interleukin-13 production by T cells	LABEL=ResearchTechnique
detection of specific nucleic acids with complementary probes assay measuring epitope specific interferon-gamma production by T cells	LABEL=ResearchTechnique
cytometric bead array assay measuring epitope specific tumor necrosis factor production by T cells	LABEL=ResearchTechnique
cytometric bead array assay measuring epitope specific tumor necrosis factor superfamily cytokine production by T cells	LABEL=ResearchTechnique
ELISPOT assay measuring epitope specific interleukin-17 production by T cells	LABEL=ResearchTechnique
detection of specific nucleic acids with complementary probes assay measuring epitope specific interferon-beta production by T cells	LABEL=ResearchTechnique
biological activity assay measuring epitope specific interferon-beta production by T cells	LABEL=ResearchTechnique
detection of specific nucleic acids with complementary probes assay measuring epitope specific granulocyte macrophage colony-stimulating factor production by T cells	LABEL=ResearchTechnique
ELISA measuring epitope specific interleukin-8 production by T cells	LABEL=ResearchTechnique
cytometric bead array assay measuring epitope specific interleukin-6 production by T cells	LABEL=ResearchTechnique
transcription profiling by RT-PCR assay	LABEL=ResearchTechnique
detection of specific nucleic acids with complementary probes assay measuring epitope specific interleukin-10 production by T cells	LABEL=ResearchTechnique
intracellular cytokine staining assay measuring epitope specific chemokine (C-C motif) ligand 4 production by T cells	LABEL=ResearchTechnique
intracellular cytokine staining assay measuring epitope specific interleukin-3 production by T cells	LABEL=ResearchTechnique
ELISA measuring epitope specific chemokine (C-C motif) ligand 4 production by T cells	LABEL=ResearchTechnique
cytometric bead array assay measuring epitope specific interferon-gamma production by T cells	LABEL=ResearchTechnique
biological activity assay measuring epitope specific interleukin-18 production by T cells	LABEL=ResearchTechnique
detection of specific nucleic acids with complementary probes assay measuring epitope specific interleukin-27 production by T cells	LABEL=ResearchTechnique
detection of specific nucleic acids with complementary probes assay measuring epitope specific IP-10 production by T cells	LABEL=ResearchTechnique
cell culture analyte detection bioassay measuring epitope specific interleukin-3 production by T cells	LABEL=ResearchTechnique
intracellular cytokine staining assay measuring epitope specific tumor necrosis factor superfamily cytokine production by T cells	LABEL=ResearchTechnique
detection of specific nucleic acids with complementary probes assay measuring epitope specific interleukin-6 production by T cells	LABEL=ResearchTechnique
in vivo assay measuring epitope specific T cell killing	LABEL=ResearchTechnique
biological activity assay measuring epitope specific T cell killing	LABEL=ResearchTechnique
comparative genomic hybridization by array assay	LABEL=ResearchTechnique
detection of specific nucleic acids with complementary probes assay measuring epitope specific interleukin-23 production by T cells	LABEL=ResearchTechnique
cytometric bead array assay measuring epitope specific granulocyte colony stimulating factor production by T cells	LABEL=ResearchTechnique
biological activity assay measuring epitope specific granulocyte colony stimulating factor production by T cells	LABEL=ResearchTechnique
promoter activity detection by reporter gene assay measuring epitope specific interleukin-2 production by T cells	LABEL=ResearchTechnique
cytometric bead array assay measuring epitope specific macrophage inflammatory protein-1 alpha production by T cells	LABEL=ResearchTechnique
biological activity assay measuring epitope specific T cell activation	LABEL=ResearchTechnique
cytometric bead array assay measuring epitope specific RANTES production by T cells	LABEL=ResearchTechnique
cell culture analyte detection bioassay measuring epitope specific interleukin-6 production by T cells	LABEL=ResearchTechnique
ChIP-chip by tiling array assay	LABEL=ResearchTechnique
intracellular material detection measuring epitope specific granzyme B release by T cells	LABEL=ResearchTechnique
radio immuno assay measuring epitope specific interferon-gamma production by T cells	LABEL=ResearchTechnique
intracellular cytokine staining assay measuring epitope specific chemokine (C-X-C motif) ligand 9 production by T cells	LABEL=ResearchTechnique
ELISA measuring epitope specific macrophage inflammatory protein-1 gamma production by T cells	LABEL=ResearchTechnique
biological activity assay measuring epitope specific macrophage inflammatory protein-1 gamma production by T cells	LABEL=ResearchTechnique
cell culture analyte detection bioassay measuring epitope specific tumor necrosis factor production by T cells	LABEL=ResearchTechnique
intracellular cytokine staining assay measuring epitope specific lymphotoxin A production by T cells	LABEL=ResearchTechnique
ELISPOT assay measuring epitope specific interleukin-5 production by T cells	LABEL=ResearchTechnique
cytometric bead array assay measuring epitope specific interleukin-8 production by T cells	LABEL=ResearchTechnique
ELISA measuring epitope specific granzyme B release by T cells	LABEL=ResearchTechnique
intracellular cytokine staining assay measuring epitope specific interleukin-12 production by T cells	LABEL=ResearchTechnique
in vivo assay measuring T cell epitope specific disease exacerbation	LABEL=ResearchTechnique
disease exacerbation in vivo intervention experiment	LABEL=ResearchTechnique
monospecific T cell recognition assay measuring MHC ligand processing and presentation	LABEL=ResearchTechnique
assay measuring MHC ligand processing and presentation	LABEL=ResearchTechnique
assay measuring binding of a T cell epitope:MHC:TCR complex	LABEL=ResearchTechnique
in vivo assay measuring T cell epitope specific protection from tumor challenge	LABEL=ResearchTechnique
in vivo assay measuring T cell epitope specific protection from challenge	LABEL=ResearchTechnique
in vivo assay measuring T cell epitope specific protection from infectious challenge based on pathogen burden	LABEL=ResearchTechnique
phage display binding assay	LABEL=ResearchTechnique
mass spectrometry assay measuring MHC ligand processing and presentation	LABEL=ResearchTechnique
intracellular cytokine staining assay measuring epitope specific transforming growth factor-beta production by T cells	LABEL=ResearchTechnique
in vivo intervention experiment	LABEL=ResearchTechnique
epitope tolerance induction experiment	LABEL=ResearchTechnique
mass spectrometry assay measuring MHC ligand processing and presentation of MHC ligands eluted from cellular MHC	LABEL=ResearchTechnique
cytometric bead array measuring epitope specific granulocyte macrophage colony-stimulating factor production by T cells	LABEL=ResearchTechnique
radioactivity detection binding assay	LABEL=ResearchTechnique
in vivo assay measuring T cell epitope specific protection based on survival	LABEL=ResearchTechnique
cell bound MHC competitive binding assay of a MHC:ligand complex using T cell epitope recognition	LABEL=ResearchTechnique
cell bound MHC binding assay measuring binding of a MHC:ligand complex	LABEL=ResearchTechnique
intracellular cytokine staining assay measuring epitope specific interleukin-22 production by T cells	LABEL=ResearchTechnique
fluorescence detection binding assay	LABEL=ResearchTechnique
coelution assay measuring MHC ligand processing and presentation using T cell recognition of HPLC fractionated eluate compared to synthetic ligand	LABEL=ResearchTechnique
in vivo assay measuring T cell epitope specific treatment of disease	LABEL=ResearchTechnique
treatment intervention experiment	LABEL=ResearchTechnique
Edman degradation assay measuring MHC ligand processing and presentation	LABEL=ResearchTechnique
mass spectrometry assay measuring MHC ligand processing and presentation of MHC ligands eluted from secreted MHC	LABEL=ResearchTechnique
cytometric bead array assay measuring epitope specific interleukin-17A production by T cells	LABEL=ResearchTechnique
biological activity assay measuring epitope specific interleukin-17A production by T cells	LABEL=ResearchTechnique
purified MHC competitive binding assay of a MHC:ligand complex using radioactivity detection	LABEL=ResearchTechnique
purified MHC binding assay measuring binding of a MHC:ligand complex	LABEL=ResearchTechnique
cell lysate MHC direct binding assay measuring half maximal effective concentration [EC50] of a MHC:ligand complex using radioactivity detection	LABEL=ResearchTechnique
assay measuring the half maximal effective concentration [EC50] of a MHC:ligand complex	LABEL=ResearchTechnique
cell bound MHC competitive binding assay measuring half maximal inhibitory concentration [IC50] of a MHC:ligand complex using radioactivity detection	LABEL=ResearchTechnique
assay measuring the half maximal inhibitory concentration [IC50] of a MHC:ligand complex	LABEL=ResearchTechnique
cell lysate MHC direct binding assay of a MHC:ligand complex using fluorescence detection	LABEL=ResearchTechnique
cell lysate MHC binding assay measuring binding of a MHC:ligand complex	LABEL=ResearchTechnique
cell bound MHC competitive binding assay measuring half maximal inhibitory concentration [IC50] of a MHC:ligand complex using fluorescence detection	LABEL=ResearchTechnique
ELISA measuring epitope specific granulocyte colony stimulating factor production by T cells	LABEL=ResearchTechnique
cytometric bead array assay measuring epitope specific interleukin-17F production by T cells	LABEL=ResearchTechnique
biological activity assay measuring epitope specific interleukin-17F production by T cells	LABEL=ResearchTechnique
cell bound MHC direct binding assay measuring equilibrium association constant [KA] of a MHC:ligand complex using fluorescence detection	LABEL=ResearchTechnique
assay measuring the association constant [KA] of a MHC:ligand complex	LABEL=ResearchTechnique
purified MHC direct binding assay measuring half life of a MHC:ligand complex using fluorescence detection	LABEL=ResearchTechnique
assay measuring the half life of a MHC:ligand complex	LABEL=ResearchTechnique
cytometric bead array assay measuring epitope specific interleukin-9 production by T cells	LABEL=ResearchTechnique
purified MHC competitive binding assay measuring binding of a MHC:ligand complex using fluorescence detection	LABEL=ResearchTechnique
purified MHC competitive binding assay measuring equilibrium dissociation constant [KD] of a MHC:ligand complex using fluorescence detection	LABEL=ResearchTechnique
assay measuring the dissociation constant [KD] of a MHC:ligand complex	LABEL=ResearchTechnique
cell bound MHC competitive binding assay measuring equilibrium dissociation constant [KD] of a MHC:ligand complex using fluorescence detection	LABEL=ResearchTechnique
purified MHC direct binding assay measuring binding on rate [kon] of a MHC:ligand complex using fluorescence detection	LABEL=ResearchTechnique
assay measuring the MHC ligand binding on rate [kon] of a MHC:ligand complex	LABEL=ResearchTechnique
detection of specific nucleic acids with complementary probes assay measuring epitope specific interleukin-13 production by T cells	LABEL=ResearchTechnique
purified MHC direct binding assay measuring equilibrium dissociation constant [KD] of a MHC:ligand complex approximated by EC50 using fluorescence detection	LABEL=ResearchTechnique
cell lysate MHC competitive binding assay measuring equilibrium dissociation constant [KD] of a MHC:ligand complex using radioactivity detection	LABEL=ResearchTechnique
intracellular cytokine staining assay measuring epitope specific macrophage inflammatory protein-1 alpha production by T cells	LABEL=ResearchTechnique
cell bound MHC competitive binding assay measuring equilibrium dissociation constant [KD] of a MHC:ligand complex using radioactivity detection	LABEL=ResearchTechnique
assay measuring qualitiative binding of a MHC:ligand complex	LABEL=ResearchTechnique
intracellular cytokine staining assay measuring epitope specific tumor necrosis factor (ligand) superfamily member 11 production by T cells	LABEL=ResearchTechnique
biological activity assay measuring epitope specific tumor necrosis factor (ligand) superfamily member 11 production by T cells	LABEL=ResearchTechnique
assay measuring a binding constant of a MHC:ligand complex	LABEL=ResearchTechnique
assay measuring binding of a MHC:ligand complex	LABEL=ResearchTechnique
cell lysate MHC direct binding assay of a MHC:ligand complex using radioactivity detection	LABEL=ResearchTechnique
cell bound MHC direct binding assay measuring half life of a MHC:ligand complex using radioactivity detection	LABEL=ResearchTechnique
cell bound MHC direct binding assay measuring half life of a MHC:ligand complex using fluorescence detection	LABEL=ResearchTechnique
cell bound MHC direct binding assay measuring half maximal effective concentration [EC50] of a MHC:ligand complex using fluorescence detection	LABEL=ResearchTechnique
intracellular cytokine staining assay measuring epitope specific interleukin-17F production by T cells	LABEL=ResearchTechnique
intracellular cytokine staining assay measuring epitope specific interleukin-17 production by T cells	LABEL=ResearchTechnique
purified MHC competitive binding assay measuring equilibrium dissociation constant [KD] of a MHC:ligand complex approximated by IC50 using radioactivity detection	LABEL=ResearchTechnique
purified MHC competitive binding assay measuring equilibrium dissociation constant [KD] of a MHC:ligand complex using radioactivity detection	LABEL=ResearchTechnique
cell lysate MHC direct binding assay measuring half life of a MHC:ligand complex using radioactivity detection	LABEL=ResearchTechnique
cell lysate MHC direct binding assay measuring binding off rate [koff] of a MHC:ligand complex using radioactivity detection	LABEL=ResearchTechnique
assay measuring the off rate measurement [koff] of a MHC:ligand complex	LABEL=ResearchTechnique
purified MHC competitive binding assay measuring half maximal inhibitory concentration [IC50] of a MHC:ligand complex using radioactivity detection	LABEL=ResearchTechnique
purified MHC direct binding assay measuring binding off rate [koff] of a MHC:ligand complex using fluorescence detection	LABEL=ResearchTechnique
biological activity assay measuring epitope specific vascular endothelial growth factor production by T cells	LABEL=ResearchTechnique
cytometric bead array assay measuring epitope specific intracellular cytokine staining (ICS) IL-22 production by T cells	LABEL=ResearchTechnique
ELISA measuring epitope specific vascular endothelial growth factor production by T cells	LABEL=ResearchTechnique
purified MHC direct binding assay measuring binding of a MHC:ligand complex using phage display	LABEL=ResearchTechnique
cytometric bead array assay measuring epitope specific interleukin-7 production by T cells	LABEL=ResearchTechnique
biological activity assay measuring epitope specific interleukin-7 production by T cells	LABEL=ResearchTechnique
purified MHC direct binding assay measuring half life of a MHC:ligand complex using radioactivity detection	LABEL=ResearchTechnique
intracellular cytokine staining assay measuring epitope specific interleukin-17A production by T cells	LABEL=ResearchTechnique
purified MHC direct binding assay measuring binding of a MHC:ligand complex using fluorescence detection	LABEL=ResearchTechnique
direct binding assay	LABEL=ResearchTechnique
purified MHC direct binding assay measuring half maximal effective concentration [EC50] of a MHC:ligand complex using fluorescence detection	LABEL=ResearchTechnique
competitive inhibition of binding assay	LABEL=ResearchTechnique
cell bound MHC competitive binding assay of a MHC:ligand complex using fluorescence detection	LABEL=ResearchTechnique
X-ray crystallography assay determining the 3D structure of a MHC:ligand complex	LABEL=ResearchTechnique
3D structure determining assay of a MHC:ligand complex	LABEL=ResearchTechnique
cell bound MHC competitive binding assay measuring half maximal inhibitory concentration [IC50] of a MHC:ligand complex using T cell epitope recognition	LABEL=ResearchTechnique
cell bound MHC competitive binding assay of a MHC:ligand complex using radioactivity detection	LABEL=ResearchTechnique
cytometric bead array assay measuring epitope specific intracellular cytokine staining (ICS) IL-21 production by T cells	LABEL=ResearchTechnique
cell bound MHC direct binding assay of a MHC:ligand complex using radioactivity detection	LABEL=ResearchTechnique
purified MHC direct binding assay measuring 50% dissociation of binding temperature [Tm] of a MHC:ligand complex using fluorescence detection	LABEL=ResearchTechnique
cell bound MHC direct binding assay of a MHC:ligand complex using fluorescence detection	LABEL=ResearchTechnique
purified MHC direct binding assay of a MHC:ligand complex using radioactivity detection	LABEL=ResearchTechnique
intracellular cytokine staining assay measuring epitope specific interleukin-8 production by T cells	LABEL=ResearchTechnique
cytometric bead array assay measuring epitope specific intracellular cytokine staining (ICS) IL-223 production by T cells	LABEL=ResearchTechnique
purified MHC competitive binding assay measuring half maximal inhibitory concentration [IC50] of a MHC:ligand complex using fluorescence detection	LABEL=ResearchTechnique
organism identification assay	LABEL=ResearchTechnique
analytical chromatography	LABEL=ResearchTechnique
electron microscopy imaging assay	LABEL=ResearchTechnique
immuno staining assay	LABEL=ResearchTechnique
assay detecting a molecular label	LABEL=ResearchTechnique
calorimetric binding assay	LABEL=ResearchTechnique
antibody binding detection by fluorescence quenching	LABEL=ResearchTechnique
fluorescence quenching binding assay	LABEL=ResearchTechnique
antigen inhibition assay measuring the dissociation constant [KD] of a B cell epitope:antibody complex approximated by IC50	LABEL=ResearchTechnique
assay measuring the dissociation constant [KD] of a B cell epitope:antibody complex	LABEL=ResearchTechnique
biological activity assay measuring epitope specific Ig-mediated histamine release	LABEL=ResearchTechnique
biological activity assay measuring epitope specific activation of additional immune response in vitro	LABEL=ResearchTechnique
biological activity assay measuring epitope specific immunoglobulin-mediated antigen activation	LABEL=ResearchTechnique
assay measuring B cell epitope specific biological activity	LABEL=ResearchTechnique
biological activity assay measuring epitope specific complement-dependent cytotoxicity	LABEL=ResearchTechnique
biological activity assay measuring epitope specific antibody-dependent cellular cytotoxicity	LABEL=ResearchTechnique
biological activity assay measuring epitope specific immunoglobulin-mediated neutralization	LABEL=ResearchTechnique
biological activity assay measuring epitope specific opsonization	LABEL=ResearchTechnique
calorimetry assay measuring binding of a B cell epitope:antibody complex	LABEL=ResearchTechnique
assay measuring qualitiative binding of a B cell epitope:antibody complex	LABEL=ResearchTechnique
electron microscopy assay determining the 3D structure of a B cell epitope:antibody complex	LABEL=ResearchTechnique
3D structure determining assay of a 3D B cell epitope:antibody complex	LABEL=ResearchTechnique
NMR assay determining the 3D structure of a B cell epitope:antibody complex	LABEL=ResearchTechnique
cross blocking assay measuring binding of a B cell epitope:antibody complex	LABEL=ResearchTechnique
antibody cross-blocking assay	LABEL=ResearchTechnique
RIA measuring binding of a B cell epitope:antibody complex	LABEL=ResearchTechnique
immunoblot assay measuring binding of a B cell epitope:antibody complex	LABEL=ResearchTechnique
plasmon resonance assay measuring binding of a B cell epitope:antibody complex	LABEL=ResearchTechnique
immuno staining assay measuring binding of a B cell epitope:antibody complex	LABEL=ResearchTechnique
immunoprecipitation assay measuring binding of a B cell epitope:antibody complex	LABEL=ResearchTechnique
immunoprecipitation assay	LABEL=ResearchTechnique
mass spectrometry assay measuring binding of a B cell epitope:antibody complex	LABEL=ResearchTechnique
phage display assay measuring binding of a B cell epitope:antibody complex	LABEL=ResearchTechnique
electron microscopy assay measuring binding of a B cell epitope:antibody complex	LABEL=ResearchTechnique
ELISA measuring binding of a B cell epitope:antibody complex	LABEL=ResearchTechnique
ELISPOT assay measuring binding of a B cell epitope:antibody complex	LABEL=ResearchTechnique
flow cytometry assay measuring binding of a B cell epitope:antibody complex	LABEL=ResearchTechnique
intracellular material detection assay measuring epitope specific granzyme A release by T cells	LABEL=ResearchTechnique
biological activity assay measuring epitope specific granzyme A release by T cells	LABEL=ResearchTechnique
chromatography assay measuring binding of a B cell epitope:antibody complex	LABEL=ResearchTechnique
NMR assay measuring binding of a B cell epitope:antibody complex	LABEL=ResearchTechnique
ELISA measuring epitope specific granulysin release by T cells	LABEL=ResearchTechnique
biological activity assay measuring epitope specific granulysin release by T cells	LABEL=ResearchTechnique
intracellular material detection assay measuring epitope specific granulysin release by T cells	LABEL=ResearchTechnique
cell bound MHC direct binding assay measuring the off rate [koff] of a MHC:ligand complex using fluorescence detection	LABEL=ResearchTechnique
cell bound MHC direct binding assay measuring binding on rate [kon] of a MHC:ligand complex using fluorescence detection	LABEL=ResearchTechnique
purified MHC competitive binding assay measuring equilibrium dissociation constant [KD] of a MHC:ligand complex approximated by IC50 using fluorescence detection	LABEL=ResearchTechnique
split-ubiquitin assay	LABEL=ResearchTechnique
far-Western blot assay	LABEL=ResearchTechnique
RNA protection assay	LABEL=ResearchTechnique
electrophoretic mobility shift assay	LABEL=ResearchTechnique
gene knock-down assay	LABEL=ResearchTechnique
nano-cap analysis of gene expression assay	LABEL=ResearchTechnique
cap analysis of gene expression assay	LABEL=ResearchTechnique
ELISA measuring epitope specific interleukin-17A production by T cells	LABEL=ResearchTechnique
ELISA measuring epitope specific interleukin-17 production by T cells	LABEL=ResearchTechnique
detection of specific nucleic acids with complementary probes assay measuring epitope specific interleukin-7 production by T cells	LABEL=ResearchTechnique
yeast 2-hybrid assay	LABEL=ResearchTechnique
Sos-recruitment assay	LABEL=ResearchTechnique
yeast one-hybrid assay	LABEL=ResearchTechnique
bacterial one-hybrid assay	LABEL=ResearchTechnique
chromosome organization assay by fluorescence in-situ hybridization	LABEL=ResearchTechnique
in-situ hybridization assay	LABEL=ResearchTechnique
methylation-specific polymerase chain reaction assay	LABEL=ResearchTechnique
amplification of intermethylated sites assay	LABEL=ResearchTechnique
cytochalasin-induced inhibition of actin polymerization assay	LABEL=ResearchTechnique
in vivo assay measuring B cell epitope specific protection from fertility	LABEL=ResearchTechnique
biological activity assay measuring B cell epitope specific in vivo activity	LABEL=ResearchTechnique
in vivo assay measuring B cell epitope specific tolerance induction	LABEL=ResearchTechnique
in vivo assay measuring B cell epitope specific induction of hypersensitivity	LABEL=ResearchTechnique
biological activity assay measuring epitope specific immune complex formation	LABEL=ResearchTechnique
in vivo assay measuring B cell epitope specific protection based on survival	LABEL=ResearchTechnique
in vivo assay measuring B cell epitope specific protection from challenge	LABEL=ResearchTechnique
in vivo assay measuring B cell epitope specific treatment of disease	LABEL=ResearchTechnique
antigen inhibition assay measuring binding of a B cell epitope:antibody complex	LABEL=ResearchTechnique
assay measuring binding of a B cell epitope:antibody complex	LABEL=ResearchTechnique
biological activity assay measuring epitope specific antigen inhibition of antibody activity	LABEL=ResearchTechnique
assay measuring a binding constant of a B cell epitope:antibody complex	LABEL=ResearchTechnique
in vivo assay measuring B cell epitope specific disease exacerbation	LABEL=ResearchTechnique
assay measuring the on rate [kon] of a B cell epitope:antibody complex	LABEL=ResearchTechnique
assay measuring the association constant [KA] of a B cell epitope:antibody complex	LABEL=ResearchTechnique
assay measuring the off rate [koff] of a B cell epitope:antibody complex	LABEL=ResearchTechnique
biological activity assay measuring epitope specific hemagglutination inhibition	LABEL=ResearchTechnique
quenching assay measuring binding of a B cell epitope:antibody complex	LABEL=ResearchTechnique
RIA measuring the dissociation constant [KD] of a B cell epitope:antibody complex	LABEL=ResearchTechnique
ELISA measuring the dissociation constant [KD] of a B cell epitope:antibody complex	LABEL=ResearchTechnique
quenching assay measuring the dissociation constant [KD] of a B cell epitope:antibody complex	LABEL=ResearchTechnique
surface plasmon resonance assay measuring the association constant [KA] of a B cell epitope:antibody complex	LABEL=ResearchTechnique
surface plasmon resonance assay measuring the dissociation constant [KD] of a B cell epitope:antibody complex	LABEL=ResearchTechnique
quenching assay measuring the association constant [KA] of a B cell epitope:antibody complex	LABEL=ResearchTechnique
calorimetry assay measuring the association constant [KA] of a B cell epitope:antibody complex	LABEL=ResearchTechnique
calorimetry assay measuring the dissociation constant [KD] of a B cell epitope:antibody complex	LABEL=ResearchTechnique
ELISA measuring the association constant [KA] of a B cell epitope:antibody complex	LABEL=ResearchTechnique
RIA measuring the association constant [KA] of a B cell epitope:antibody complex	LABEL=ResearchTechnique
X-ray crystallography assay determining the 3D structure of a B cell epitope:antibody complex	LABEL=ResearchTechnique
surface plasmon resonance assay measuring the off rate [koff] of a B cell epitope:antibody complex	LABEL=ResearchTechnique
quenching assay measuring the off rate [koff] of a B cell epitope:antibody complex	LABEL=ResearchTechnique
surface plasmon resonance assay measuring the on rate [kon] of a B cell epitope:antibody complex	LABEL=ResearchTechnique
quenching assay measuring the on rate [kon] of a B cell epitope:antibody complex	LABEL=ResearchTechnique
detection of specific nucleic acids with complementary probes assay measuring epitope specific interleukin-1 beta production by T cells	LABEL=ResearchTechnique
intracellular cytokine staining assay measuring epitope specific interleukin-1 alpha production by T cells	LABEL=ResearchTechnique
ELISPOT assay measuring epitope specific interleukin-1 alpha production by T cells	LABEL=ResearchTechnique
detection of specific nucleic acids with complementary probes assay measuring epitope specific interleukin-1 alpha production by T cells	LABEL=ResearchTechnique
cytometric bead array assay measuring epitope specific interleukin-1 alpha production by T cells	LABEL=ResearchTechnique
ELISPOT assay measuring epitope specific interferon-beta production by T cells	LABEL=ResearchTechnique
intracellular cytokine staining assay measuring epitope specific interferon-beta production by T cells	LABEL=ResearchTechnique
intracellular cytokine staining assay measuring epitope specific granulocyte colony stimulating factor production by T cells	LABEL=ResearchTechnique
ELISA measuring epitope specific interferon-beta production by T cells	LABEL=ResearchTechnique
detection of specific nucleic acids with complementary probes assay measuring epitope specific granulocyte colony stimulating factor production by T cells	LABEL=ResearchTechnique
ELISPOT assay measuring epitope specific granulocyte colony stimulating factor production by T cells	LABEL=ResearchTechnique
cytometric bead array assay measuring epitope specific chemokine (C-X-C motif) ligand 9 production by T cells	LABEL=ResearchTechnique
ELISPOT assay measuring epitope specific chemokine (C-X-C motif) ligand 9 production by T cells	LABEL=ResearchTechnique
detection of specific nucleic acids with complementary probes assay measuring epitope specific chemokine (C-X-C motif) ligand 9 production by T cells	LABEL=ResearchTechnique
ELISPOT assay measuring epitope specific chemokine (C-C motif) ligand 4 production by T cells	LABEL=ResearchTechnique
detection of specific nucleic acids with complementary probes assay measuring epitope specific chemokine (C-X-C motif) ligand 12 production by T cells	LABEL=ResearchTechnique
biological activity assay measuring epitope specific chemokine (C-X-C motif) ligand 12 production by T cells	LABEL=ResearchTechnique
detection of specific nucleic acids with complementary probes assay measuring epitope specific chemokine (C-X-C motif) ligand 13 production by T cells	LABEL=ResearchTechnique
biological activity assay measuring epitope specific chemokine (C-X-C motif) ligand 13 production by T cells	LABEL=ResearchTechnique
detection of specific nucleic acids with complementary probes assay measuring epitope specific chemokine (C-X-C motif) ligand 16 production by T cells	LABEL=ResearchTechnique
biological activity assay measuring epitope specific chemokine (C-X-C motif) ligand 16 production by T cells	LABEL=ResearchTechnique
detection of specific nucleic acids with complementary probes assay measuring epitope specific chemokine (C-C motif) ligand 21 production by T cells	LABEL=ResearchTechnique
biological activity assay measuring epitope specific chemokine (C-C motif) ligand 21 production by T cells	LABEL=ResearchTechnique
detection of specific nucleic acids with complementary probes assay measuring epitope specific chemokine (C-C motif) ligand 22 production by T cells	LABEL=ResearchTechnique
biological activity assay measuring epitope specific chemokine (C-C motif) ligand 22 production by T cells	LABEL=ResearchTechnique
cytometric bead array assay measuring epitope specific chemokine (C-C motif) ligand 4 production by T cells	LABEL=ResearchTechnique
detection of specific nucleic acids with complementary probes assay measuring epitope specific chemokine (C-C motif) ligand 4 production by T cells	LABEL=ResearchTechnique
detection of specific nucleic acids with complementary probes assay measuring epitope specific vascular endothelial growth factor production by T cells	LABEL=ResearchTechnique
detection of specific nucleic acids with complementary probes assay measuring epitope specific chemokine (C-C motif) ligand 19 production by T cells	LABEL=ResearchTechnique
biological activity assay measuring epitope specific chemokine (C-C motif) ligand 19 production by T cells	LABEL=ResearchTechnique
intracellular cytokine staining assay measuring epitope specific chemokine (C-C motif) ligand 1 production by T cells	LABEL=ResearchTechnique
intracellular cytokine staining assay measuring epitope specific vascular endothelial growth factor production by T cells	LABEL=ResearchTechnique
ELISPOT assay measuring epitope specific vascular endothelial growth factor production by T cells	LABEL=ResearchTechnique
ELISPOT assay measuring epitope specific macrophage inflammatory protein-1 alpha production by T cells	LABEL=ResearchTechnique
cytometric bead array assay measuring epitope specific macrophage inflammatory protein-1 gamma production by T cells	LABEL=ResearchTechnique
detection of specific nucleic acids with complementary probes assay measuring epitope specific macrophage inflammatory protein-1 gamma production by T cells	LABEL=ResearchTechnique
intracellular cytokine staining assay measuring epitope specific monocyte chemotactic protein-1 production by T cells	LABEL=ResearchTechnique
ELISPOT assay measuring epitope specific monocyte chemotactic protein-1 production by T cells	LABEL=ResearchTechnique
intracellular cytokine staining assay measuring epitope specific macrophage inflammatory protein-1 gamma production by T cells	LABEL=ResearchTechnique
ELISPOT assay measuring epitope specific macrophage inflammatory protein-1 gamma production by T cells	LABEL=ResearchTechnique
cytometric bead array assay measuring epitope specific vascular endothelial growth factor production by T cells	LABEL=ResearchTechnique
intracellular cytokine staining assay measuring epitope specific RANTES production by T cells	LABEL=ResearchTechnique
ELISPOT assay measuring epitope specific RANTES production by T cells	LABEL=ResearchTechnique
ELISPOT assay measuring epitope specific lymphotoxin A production by T cells	LABEL=ResearchTechnique
detection of specific nucleic acids with complementary probes assay measuring epitope specific macrophage inflammatory protein-1 alpha production by T cells	LABEL=ResearchTechnique
cytometric bead array assay measuring epitope specific lymphotoxin A production by T cells	LABEL=ResearchTechnique
detection of specific nucleic acids with complementary probes assay measuring epitope specific lymphotoxin A production by T cells	LABEL=ResearchTechnique
ELISPOT assay measuring epitope specific IP-10 production by T cells	LABEL=ResearchTechnique
intracellular cytokine staining assay measuring epitope specific IP-10 production by T cells	LABEL=ResearchTechnique
ELISPOT assay measuring epitope specific interleukin-9 production by T cells	LABEL=ResearchTechnique
intracellular cytokine staining assay measuring epitope specific interleukin-9 production by T cells	LABEL=ResearchTechnique
detection of specific nucleic acids with complementary probes assay measuring epitope specific interleukin-9 production by T cells	LABEL=ResearchTechnique
ELISPOT assay measuring epitope specific interleukin-8 production by T cells	LABEL=ResearchTechnique
detection of specific nucleic acids with complementary probes assay measuring epitope specific interleukin-8 production by T cells	LABEL=ResearchTechnique
ELISPOT assay measuring epitope specific interleukin-3 production by T cells	LABEL=ResearchTechnique
ELISA measuring epitope specific interleukin-7 production by T cells	LABEL=ResearchTechnique
ELISPOT assay measuring epitope specific interleukin-7 production by T cells	LABEL=ResearchTechnique
intracellular cytokine staining assay measuring epitope specific interleukin-7 production by T cells	LABEL=ResearchTechnique
intracellular cytokine staining assay measuring epitope specific interleukin-27 production by T cells	LABEL=ResearchTechnique
cytometric bead array assay measuring epitope specific interleukin-3 production by T cells	LABEL=ResearchTechnique
detection of specific nucleic acids with complementary probes assay measuring epitope specific interleukin-3 production by T cells	LABEL=ResearchTechnique
cytometric bead array assay measuring epitope specific interleukin-27 production by T cells	LABEL=ResearchTechnique
intracellular cytokine staining assay measuring epitope specific interleukin-23 production by T cells	LABEL=ResearchTechnique
ELISPOT assay measuring epitope specific interleukin-27 production by T cells	LABEL=ResearchTechnique
ELISA measuring epitope specific interleukin-27 production by T cells	LABEL=ResearchTechnique
detection of specific nucleic acids with complementary probes assay measuring epitope specific interleukin-18 production by T cells	LABEL=ResearchTechnique
ELISPOT assay measuring epitope specific interleukin-18 production by T cells	LABEL=ResearchTechnique
ELISPOT assay measuring epitope specific interleukin-22 production by T cells	LABEL=ResearchTechnique
ELISPOT assay measuring epitope specific interleukin-23 production by T cells	LABEL=ResearchTechnique
intracellular cytokine staining assay measuring epitope specific interleukin-18 production by T cells	LABEL=ResearchTechnique
ELISPOT assay measuring epitope specific interleukin-21 production by T cells	LABEL=ResearchTechnique
detection of specific nucleic acids with complementary probes assay measuring epitope specific chemokine (C-C motif) ligand 1 production by T cells	LABEL=ResearchTechnique
cytometric bead array assay measuring epitope specific chemokine (C-C motif) ligand 1 production by T cells	LABEL=ResearchTechnique
ELISPOT assay measuring epitope specific chemokine (C-C motif) ligand 1 production by T cells	LABEL=ResearchTechnique
ELISPOT assay measuring epitope specific interleukin-17F production by T cells	LABEL=ResearchTechnique
ELISA measuring epitope specific interleukin-17F production by T cells	LABEL=ResearchTechnique
detection of specific nucleic acids with complementary probes assay measuring epitope specific interleukin-17F production by T cells	LABEL=ResearchTechnique
ELISPOT assay measuring epitope specific interleukin-17A production by T cells	LABEL=ResearchTechnique
cytometric bead array assay measuring epitope specific interleukin-18 production by T cells	LABEL=ResearchTechnique
detection of specific nucleic acids with complementary probes assay measuring epitope specific interleukin-16 production by T cells	LABEL=ResearchTechnique
ELISA measuring epitope specific interleukin-16 production by T cells	LABEL=ResearchTechnique
ELISPOT assay measuring epitope specific interleukin-16 production by T cells	LABEL=ResearchTechnique
intracellular cytokine staining assay measuring epitope specific interleukin-16 production by T cells	LABEL=ResearchTechnique
detection of specific nucleic acids with complementary probes assay measuring epitope specific interleukin-17A production by T cells	LABEL=ResearchTechnique
intracellular cytokine staining assay measuring epitope specific interleukin-1 beta production by T cells	LABEL=ResearchTechnique
ELISPOT assay measuring epitope specific interleukin-1 beta production by T cells	LABEL=ResearchTechnique
detection of specific nucleic acids with complementary probes measuring epitope specific interleukin-15 production by T cells	LABEL=ResearchTechnique
ELISPOT assay measuring epitope specific interleukin-12 production by T cells	LABEL=ResearchTechnique
intracellular cytokine staining assay measuring epitope specific interleukin-15 production by T cells	LABEL=ResearchTechnique
ELISPOT assay measuring epitope specific interleukin-15 production by T cells	LABEL=ResearchTechnique
chromatin interaction analysis by paired-end tag sequencing assay	LABEL=ResearchTechnique
nuclear ligation assay	LABEL=ResearchTechnique
chromosome conformation capture assay	LABEL=ResearchTechnique
structural analysis by paired-end tag sequencing assay	LABEL=ResearchTechnique
transcript analysis by paired-end tag sequencing assay	LABEL=ResearchTechnique
DNase I hypersensitive sites sequencing assay	LABEL=ResearchTechnique
RNP (ribonuclear particle) immunoprecipitation high- throughput sequencing assay	LABEL=ResearchTechnique
cross-linking immunoprecipitation high-throughput sequencing assay	LABEL=ResearchTechnique
formaldehyde-assisted isolation of regulatory elements assay	LABEL=ResearchTechnique
methylation-sensitive restriction enzyme sequencing assay	LABEL=ResearchTechnique
reduced representation bisulfite sequencing assay	LABEL=ResearchTechnique
shotgun bisulfite-seq assay	LABEL=ResearchTechnique
RNA Annotation and Mapping of Promoters for the Analysis of Gene Expression assay	LABEL=ResearchTechnique
DNA replication timing by array assay	LABEL=ResearchTechnique
RNA-binding protein immunoprecipitation array profiling assay	LABEL=ResearchTechnique
Carbon-copy chromosome conformation capture assay	LABEL=ResearchTechnique
DNA replication timing by sequencing assay	LABEL=ResearchTechnique
RNA-binding protein immunoprecipitation tiling array profiling assay	LABEL=ResearchTechnique
microRNA profiling by high throughput sequencing assay	LABEL=ResearchTechnique
protein sequencing by tandem mass spectrometry assay	LABEL=ResearchTechnique
micrococcal nuclease digestion followed by high throughput sequencing assay	LABEL=ResearchTechnique
chromatin immunoprecipitation with exonuclease sequencing assay	LABEL=ResearchTechnique
assay using chromatin immunoprecipitation	LABEL=ResearchTechnique
taxonomic diversity assessment by targeted gene survey	LABEL=ResearchTechnique
hydrogen/deuterium exchange footprinting assay	LABEL=ResearchTechnique
footprinting assay	LABEL=ResearchTechnique
protection from challenge in vivo intervention experiment	LABEL=ResearchTechnique
immunohistochemistry	LABEL=ResearchTechnique
chromatography assay measuring the association constant [KA] of a B cell epitope:antibody complex	LABEL=ResearchTechnique
chromatography assay measuring the dissociation constant [KD] of a B cell epitope:antibody complex	LABEL=ResearchTechnique
hydrogen/deuterium exchange footprinting assay measuring binding of a B cell epitope:antibody complex	LABEL=ResearchTechnique
footprinting assay measuring binding of a B cell epitope:antibody complex	LABEL=ResearchTechnique
immunohistochemistry assay measuring binding of a B cell epitope:antibody complex	LABEL=ResearchTechnique
DNA methylation profiling by ChIP-chip assay	LABEL=ResearchTechnique
transcription profiling by MPSS assay	LABEL=ResearchTechnique
histone modification identification by ChIP-chip assay	LABEL=ResearchTechnique
histone modification identification by ChIP-Seq assay	LABEL=ResearchTechnique
transcription factor binding site identification by ChIP-chip assay	LABEL=ResearchTechnique
transcription factor binding site identification by ChIP-Seq assay	LABEL=ResearchTechnique
serial analysis of gene expression assay	LABEL=ResearchTechnique
genotyping by tiling array assay	LABEL=ResearchTechnique
genotyping by SNP array assay	LABEL=ResearchTechnique
parallel analysis of RNA structure assay	LABEL=ResearchTechnique
translation-associated transcript leader sequencing assay	LABEL=ResearchTechnique
transcript leader sequencing assay	LABEL=ResearchTechnique
peptide mass fingerprinting assay	LABEL=ResearchTechnique
array based nucleic acid structure mapping assay	LABEL=ResearchTechnique
micrococcal nuclease digestion followed by tiling array assay	LABEL=ResearchTechnique
ribosomal profiling by sequencing assay	LABEL=ResearchTechnique
assay for transposase-accessible chromatin using sequencing	LABEL=ResearchTechnique
chromatin isolation by RNA purification sequencing assay	LABEL=ResearchTechnique
self-transcribing active regulatory region sequencing assay	LABEL=ResearchTechnique
carbon-copy chromosome conformation capture assay followed by sequencing assay	LABEL=ResearchTechnique
individual-nucleotide resolution cross-linking and immunoprecipitation sequencing assay	LABEL=ResearchTechnique
RNA Bind-n-Seq assay	LABEL=ResearchTechnique
polyA-site sequencing assay	LABEL=ResearchTechnique
in vivo assay measuring B cell epitope specific protection from infectious challenge based on pathogen burden	LABEL=ResearchTechnique
in vivo assay measuring B cell epitope specific protection from tumor challenge	LABEL=ResearchTechnique
microarray assay measuring binding of a B cell epitope:antibody complex	LABEL=ResearchTechnique
NMR assay measuring the dissociation constant [KD] of a B cell epitope:antibody complex	LABEL=ResearchTechnique
biological activity assay measuring epitope specific chemokine (C-C motif) ligand 17 production by T cells	LABEL=ResearchTechnique
biological activity assay measuring epitope specific macrophage migration inhibitory factor (MIF) production by T cells	LABEL=ResearchTechnique
biological activity assay measuring epitope specific oncostatin M production by T cells	LABEL=ResearchTechnique
assay measuring a binding constant of a T cell epitope:MHC:TCR complex	LABEL=ResearchTechnique
detection of specific nucleic acids with complementary probes assay measuring epitope specific chemokine (C-C motif) ligand 17 production by T cells	LABEL=ResearchTechnique
cytometric bead array assay measuring epitope specific chemokine (C-C motif) ligand 22 production by T cells	LABEL=ResearchTechnique
in vitro assay measuring epitope specific T cell killing	LABEL=ResearchTechnique
cytometric bead array assay measuring epitope specific granzyme A release by T cells	LABEL=ResearchTechnique
detection of specific nucleic acids with complementary probes assay measuring epitope specific granzyme A release by T cells	LABEL=ResearchTechnique
cytometric bead array assay measuring epitope specific granzyme B release by T cells	LABEL=ResearchTechnique
detection of specific nucleic acids with complementary probes assay measuring epitope specific granzyme B release by T cells	LABEL=ResearchTechnique
cytometric bead array assay measuring epitope specific macrophage migration inhibitory factor (MIF) production by T cells	LABEL=ResearchTechnique
cytometric bead array assay measuring epitope specific oncostatin M production by T cells	LABEL=ResearchTechnique
ELISPOT assay measuring epitope specific perforin release by T cells	LABEL=ResearchTechnique
in vivo assay measuring epitope specific proliferation of T cells	LABEL=ResearchTechnique
biological activity assay measuring epitope specific proliferation of T cells	LABEL=ResearchTechnique
in vitro assay measuring epitope specific proliferation of T cells	LABEL=ResearchTechnique
in vitro assay measuring T cell epitope specific suppression	LABEL=ResearchTechnique
MHC ligand assay	LABEL=ResearchTechnique
immune epitope assay	LABEL=ResearchTechnique
reporter gene assay	LABEL=ResearchTechnique
enhancer activity detection by reporter gene assay	LABEL=ResearchTechnique
transcription cofactor activity region identification by ChIP-Seq assay	LABEL=ResearchTechnique
transcript expression location detection by hybridization chain reaction assay	LABEL=ResearchTechnique
Tet-assisted bisulfite sequencing assay	LABEL=ResearchTechnique
MethylC-Capture sequencing assay	LABEL=ResearchTechnique
carboxyfluorescein succinimidyl ester staining assay measuring epitope specific proliferation of T cells	LABEL=ResearchTechnique
carboxyfluorescein succinimidyl ester staining assay	LABEL=ResearchTechnique
assay measuring the on rate [kon] of a T cell epitope:MHC:TCR complex	LABEL=ResearchTechnique
assay measuring the off rate [koff] of a T cell epitope:MHC:TCR complex	LABEL=ResearchTechnique
assay measuring the association constant [KA] of a T cell epitope:MHC:TCR complex	LABEL=ResearchTechnique
small-angle scattering assay determining the 3D structure of a B cell epitope:antibody complex	LABEL=ResearchTechnique
small-angle scattering assay	LABEL=ResearchTechnique
bio-layer interferometry assay measuring the on rate [kon] of a B cell epitope:antibody complex	LABEL=ResearchTechnique
bio-layer interferometry assay	LABEL=ResearchTechnique
bio-layer interferometry assay measuring the off rate [koff] of a B cell epitope:antibody complex	LABEL=ResearchTechnique
bio-layer interferometry assay measuring binding of a B cell epitope:antibody complex	LABEL=ResearchTechnique
bio-layer interferometry assay measuring the dissociation constant [KD] of a B cell epitope:antibody complex	LABEL=ResearchTechnique
enhanced cross-linking immunoprecipitation high-throughput sequencing assay	LABEL=ResearchTechnique
small RNA sequencing assay	LABEL=ResearchTechnique
bromouridine labeling and sequencing assay	LABEL=ResearchTechnique
bromouridine pulse-chase and sequencing assay	LABEL=ResearchTechnique
cytometry time of flight assay	LABEL=ResearchTechnique
high performance liquid chromotography assay	LABEL=ResearchTechnique
whole genome sequencing assay	LABEL=ResearchTechnique
exome sequencing assay	LABEL=ResearchTechnique
mixed lymphocyte reaction assay	LABEL=ResearchTechnique
killer cell immunoglobulin-like receptor typing assay	LABEL=ResearchTechnique
major histocompatibility typing assay	LABEL=ResearchTechnique
pulse stable isotope labeling by amino acids in cell culture	LABEL=ResearchTechnique
cytometric bead array assay measuring  epitope specific chemokine (C-C motif) ligand 20 production by T cells	LABEL=ResearchTechnique
biological activity assay measuring epitope specific chemokine (C-C motif) ligand 20 production by T cells	LABEL=ResearchTechnique
temperature measurement assay	LABEL=ResearchTechnique
volume measurement assay	LABEL=ResearchTechnique
Nanostring nCounter miRNA expression assay	LABEL=ResearchTechnique
bromouride labeling and sequencing after UV exposure	LABEL=ResearchTechnique
extrachromosomal circular DNA sequencing assay	LABEL=ResearchTechnique
antigen specific antibodies assay	LABEL=ResearchTechnique
HIV antibody assay	LABEL=ResearchTechnique
HIV group O antibody assay	LABEL=ResearchTechnique
surface HBV antibody assay	LABEL=ResearchTechnique
core HBV antibody assay	LABEL=ResearchTechnique
core HBV IgM antibody assay	LABEL=ResearchTechnique
HCV antibody assay	LABEL=ResearchTechnique
EBV IgG antibody assay	LABEL=ResearchTechnique
EBV IgM antibody assay	LABEL=ResearchTechnique
CMV antibody assay	LABEL=ResearchTechnique
venereal disease research laboratory test	LABEL=ResearchTechnique
rapid plasma reagin test	LABEL=ResearchTechnique
HBV surface antigen assay	LABEL=ResearchTechnique
HIV-1 nucleic acid testing	LABEL=ResearchTechnique
HCV nucleic acid testing	LABEL=ResearchTechnique
multiplexed indexed T7 ChIP-seq assay	LABEL=ResearchTechnique
systematic evolution of ligands by exponential enrichment assay	LABEL=ResearchTechnique
DNAse footprinting assay	LABEL=ResearchTechnique
mammalian 2-hybrid assay	LABEL=ResearchTechnique
protein localization assay	LABEL=ResearchTechnique
tissue-based protein localization assay	LABEL=ResearchTechnique
subcellular protein localization assay	LABEL=ResearchTechnique
subcellular protein immunohistochemistry assay	LABEL=ResearchTechnique
ChIP-qPCR assay	LABEL=ResearchTechnique
genomic SELEX	LABEL=ResearchTechnique
dot blot assay	LABEL=ResearchTechnique
Northwestern blot assay	LABEL=ResearchTechnique
Southwestern blot assay	LABEL=ResearchTechnique
immunocytochemistry	LABEL=ResearchTechnique
ATP bioluminescence assay	LABEL=ResearchTechnique
electrophysiology assay	LABEL=ResearchTechnique
patch clamp assay	LABEL=ResearchTechnique
whole-cell patch clamp assay	LABEL=ResearchTechnique
cell-attached patch clamp assay	LABEL=ResearchTechnique
inside-out patch clamp assay	LABEL=ResearchTechnique
outside-out patch clamp assay	LABEL=ResearchTechnique
voltage clamp assay	LABEL=ResearchTechnique
two electrode voltage clamp assay	LABEL=ResearchTechnique
cut open oocyte voltage clamp assay	LABEL=ResearchTechnique
current clamp assay	LABEL=ResearchTechnique
electroencephalography	LABEL=ResearchTechnique
single-unit recording	LABEL=ResearchTechnique
multi-unit recording	LABEL=ResearchTechnique
local field potential recording	LABEL=ResearchTechnique
RNA interactome capture	LABEL=ResearchTechnique
widefield microscopy	LABEL=ResearchTechnique
Hi-C assay	LABEL=ResearchTechnique
physical examination of individual	LABEL=ResearchTechnique
hydroxyl-radical footprinting assay	LABEL=ResearchTechnique
methidiumpropyl-EDTA-iron(II) footprinting assay	LABEL=ResearchTechnique
transcription start site mapping by primer extension assay	LABEL=ResearchTechnique
hydroxyl-radical footprinting assay measuring binding of a B cell epitope:antibody complex	LABEL=ResearchTechnique
ELISA measuring epitope specific interferon-alpha production by T cells	LABEL=ResearchTechnique
biological activity assay measuring epitope specific interferon-alpha production by T cells	LABEL=ResearchTechnique
precision nuclear run-on sequencing assay	LABEL=ResearchTechnique
chromosome conformation capture-on-chip assay	LABEL=ResearchTechnique
genotype phasing by Hi-C assay	LABEL=ResearchTechnique
transcript analysis by single-end sequencing assay	LABEL=ResearchTechnique
differential medium assay	LABEL=ResearchTechnique
histopathology assay	LABEL=ResearchTechnique
histological assay	LABEL=ResearchTechnique
polyA-selected RNA sequencing assay	LABEL=ResearchTechnique
polyA-depleted RNA sequencing assay	LABEL=ResearchTechnique
isoform sequencing	LABEL=ResearchTechnique
chromosome conformation capture sequencing assay	LABEL=ResearchTechnique
reconstitution assay	LABEL=ResearchTechnique
in vitro transcription reconstitution assay	LABEL=ResearchTechnique
whole metagenome sequencing assay	LABEL=ResearchTechnique
RNAi knockdown assay	LABEL=ResearchTechnique
direct RNA sequencing assay	LABEL=ResearchTechnique
single-cell RNA sequencing assay	LABEL=ResearchTechnique
in vivo assay measuring B cell epitope specific disease exacerbation resulting from the adoptive transfer of epitope specific antibodies or B cells	LABEL=ResearchTechnique
in vivo assay measuring a B cell epitope specific response after adoptive transfer of epitope specific antibodies or B cells	LABEL=ResearchTechnique
in vivo assay measuring T cell epitope specific disease reduction resulting from the adoptive transfer of epitope specific T cells	LABEL=ResearchTechnique
in vivo assay measuring a T cell epitope specific response after adoptive transfer of epitope specific T cells	LABEL=ResearchTechnique
in vivo assay measuring B cell epitope specific disease reduction resulting from adoptive transfer of epitope specific antibodies or B cells	LABEL=ResearchTechnique
in vivo assay measuring T cell epitope specific protection from challenge resulting from the adoptive transfer of epitope specific T cells	LABEL=ResearchTechnique
in vivo assay measuring B cell epitope specific protection from challenge resulting from adoptive transfer of epitope specific antibodies or B cells	LABEL=ResearchTechnique
in vivo assay measuring T cell epitope specific protection from challenge resulting from the adoptive transfer of epitope specific T cells based on pathogen burden	LABEL=ResearchTechnique
in vivo assay measuring B cell epitope specific protection from challenge resulting from the adoptive transfer of epitope specific antibodies or B cells based on pathogen burden	LABEL=ResearchTechnique
in vivo assay measuring T cell epitope specific protection from challenge resulting from the adoptive transfer of epitope specific T cells based on survival	LABEL=ResearchTechnique
in vivo assay measuring B cell epitope specific protection from challenge resulting from the adoptive transfer of epitope specific antibodies or B cells based on survival	LABEL=ResearchTechnique
in vivo assay measuring T cell epitope specific protection from tumor challenge resulting from the adoptive transfer of epitope specific T cells	LABEL=ResearchTechnique
in vivo assay measuring B cell epitope specific protection from tumor challenge resulting from the adoptive transfer of epitope specific antibodies or B cells	LABEL=ResearchTechnique
in vivo assay measuring T cell epitope specific tolerance induction resulting from the adoptive transfer of epitope specific T cells	LABEL=ResearchTechnique
in vivo assay measuring B cell epitope specific tolerance induction resulting from the adoptive transfer of epitope specific antibodies or B cells	LABEL=ResearchTechnique
Giemsa stain assay	LABEL=ResearchTechnique
blood microbiology assay	LABEL=ResearchTechnique
cytometric bead array assay measuring epitope specific interleukin-15 production by T cells	LABEL=ResearchTechnique
cytometric bead array assay measuring epitope specific interleukin-16 production by T cells	LABEL=ResearchTechnique
in vivo assay measuring B cell epitope specific induction of hypersensitivity resulting from the adoptive transfer of epitope specific antibodies or B cells	LABEL=ResearchTechnique
in vivo skin test assay measuring T cell epitope specific type IV hypersensitivity resulting from the adoptive transfer of epitope specific T cells	LABEL=ResearchTechnique
in vivo assay measuring epitope specific proliferation of T cells resulting from the adoptive transfer of epitope specific T cells	LABEL=ResearchTechnique
biological activity assay measuring epitope specific helper T cell enhancement of a B cell mediated immune response resulting from the adoptive transfer of epitope specific T cells	LABEL=ResearchTechnique
biological activity assay measuring epitope specific helper T cell enhancement of a T cell mediated immune response resulting from the adoptive transfer of epitope specific T cells	LABEL=ResearchTechnique
in vivo assay measuring epitope specific T cell killing resulting from the adoptive transfer of epitope specific T cells	LABEL=ResearchTechnique
ELISA measuring epitope specific perforin release by T cells	LABEL=ResearchTechnique
massively parallel reporter assay	LABEL=ResearchTechnique
in vivo assay measuring T cell epitope specific disease exacerbation resulting from the adoptive transfer of epitope specific T cells	LABEL=ResearchTechnique
pseudovirus entry assay	LABEL=ResearchTechnique
restriction fragment length polymorphism assay	LABEL=ResearchTechnique
DNA fingerprinting assay	LABEL=ResearchTechnique
insecticide resistance assay	LABEL=ResearchTechnique
insecticide resistance by monitoring known mutations assay	LABEL=ResearchTechnique
insecticide resistance by detecting enzyme activity assay	LABEL=ResearchTechnique
insecticide resistance bioassay	LABEL=ResearchTechnique
insecticide resistance by detecting alpha esterase activity assay	LABEL=ResearchTechnique
insecticide resistance by detecting beta esterase activity assay	LABEL=ResearchTechnique
insecticide resistance by detecting acetylcholinesterase activity assay	LABEL=ResearchTechnique
insecticide resistance by detecting glutathione S-transferase activity assay	LABEL=ResearchTechnique
insecticide resistance by detecting carboxylic ester hydrolase activity assay	LABEL=ResearchTechnique
insecticide resistance by detecting mixed-function oxidase assay	LABEL=ResearchTechnique
direct insecticide resistance bioassay	LABEL=ResearchTechnique
topical application insecticide resistance bioassay	LABEL=ResearchTechnique
direct insecticide resistance diagnostic assay	LABEL=ResearchTechnique
insecticide resistance dose response assay	LABEL=ResearchTechnique
insecticide resistance time response assay	LABEL=ResearchTechnique
Centre for Disease Control and Prevention bottle bioassay	LABEL=ResearchTechnique
WHO cone kit diagnostic assay	LABEL=ResearchTechnique
WHO paper kit diagnostic assay	LABEL=ResearchTechnique
WHO larvicide diagnostic assay	LABEL=ResearchTechnique
insecticide resistance dose response by bottle assay	LABEL=ResearchTechnique
insecticide resistance dose response by survival of larvae assay	LABEL=ResearchTechnique
insecticide resistance dose response by WHO paper kit assay	LABEL=ResearchTechnique
insecticide resistance time response by bottle assay	LABEL=ResearchTechnique
insecticide resistance time response by WHO paper kit assay	LABEL=ResearchTechnique
insecticide resistance by amplification refractory mutation system assay	LABEL=ResearchTechnique
insecticide resistance by primer introduced restriction analysis PCR assay	LABEL=ResearchTechnique
insecticide resistance by nested polymerase chain reaction assay	LABEL=ResearchTechnique
insecticide resistance by ligase detection reaction assay	LABEL=ResearchTechnique
insecticide resistance by ligase detection reaction-fluorescent microsphere assay	LABEL=ResearchTechnique
insecticide resistance by PCR amplification of specific alleles assay	LABEL=ResearchTechnique
insecticide resistance by fluorogenic PCR assay	LABEL=ResearchTechnique
insecticide resistance by PCR-RELP assay	LABEL=ResearchTechnique
insecticide resistance by short interspersed elements PCR assay	LABEL=ResearchTechnique
pathogen detection assay	LABEL=ResearchTechnique
VectorTest assay	LABEL=ResearchTechnique
pathogen detection by Rapid Analyte Measurement Platform assay	LABEL=ResearchTechnique
pathogen detection by loop-mediated isothermal amplification assay	LABEL=ResearchTechnique
blood meal assay	LABEL=ResearchTechnique
blood meal by counter current immunoelectrophoresis assay	LABEL=ResearchTechnique
DNA based blood meal finger printing assay	LABEL=ResearchTechnique
organism identification by size assay	LABEL=ResearchTechnique
organism identification by cross mating assay	LABEL=ResearchTechnique
organism identification by cytological chromosome examination assay	LABEL=ResearchTechnique
organism identification by isoenzyme electrophoresis assay	LABEL=ResearchTechnique
organism identification by morphological examination assay	LABEL=ResearchTechnique
organism identification by PCR assay	LABEL=ResearchTechnique
organism identification by specific DNA hybridization assay	LABEL=ResearchTechnique
organism identification by salinity tolerance assay	LABEL=ResearchTechnique
comet assay	LABEL=ResearchTechnique
PCR-SSCP assay	LABEL=ResearchTechnique
tumor grading	LABEL=ResearchTechnique
substance detection assay	LABEL=ResearchTechnique
longitudinal mass measurement assay	LABEL=ResearchTechnique
ELISPOT assay measuring epitope specific interleukin-2 production by T cells	LABEL=ResearchTechnique
ELISPOT assay measuring epitope specific interferon-gamma production by T cells	LABEL=ResearchTechnique
51 chromium assay measuring epitope specific T cell killing	LABEL=ResearchTechnique
chromium release assay	LABEL=ResearchTechnique
ELISA measuring epitope specific interferon-gamma production by T cells	LABEL=ResearchTechnique
ELISA measuring epitope specific interleukin-2 production by T cells	LABEL=ResearchTechnique
ELISA measuring epitope specific interleukin-4 production by T cells	LABEL=ResearchTechnique
ELISA measuring epitope specific interleukin-5 production by T cells	LABEL=ResearchTechnique
ELISA measuring epitope specific tumor necrosis factor production by T cells	LABEL=ResearchTechnique
ELISA measuring epitope specific interleukin-10 production by T cells	LABEL=ResearchTechnique
ELISA measuring epitope specific granulocyte macrophage colony-stimulating factor production by T cells	LABEL=ResearchTechnique
ELISA measuring epitope specific interleukin-6 production by T cells	LABEL=ResearchTechnique
ELISA measuring epitope specific interleukin-13 production by T cells	LABEL=ResearchTechnique
ELISA measuring epitope specific interleukin-12 production by T cells	LABEL=ResearchTechnique
ELISA measuring epitope specific interleukin-1 beta production by T cells	LABEL=ResearchTechnique
ELISA measuring epitope specific interleukin-18 production by T cells	LABEL=ResearchTechnique
ELISPOT assay measuring epitope specific interleukin-4 production by T cells	LABEL=ResearchTechnique
ELISPOT assay measuring epitope specific tumor necrosis factor production by T cells	LABEL=ResearchTechnique
ELISPOT assay measuring epitope specific interleukin-10 production by T cells	LABEL=ResearchTechnique
ELISPOT assay measuring epitope specific interleukin-13 production by T cells	LABEL=ResearchTechnique
intracellular cytokine staining assay measuring epitope specific interferon-gamma production by T cells	LABEL=ResearchTechnique
intracellular cytokine staining assay measuring epitope specific interleukin-2 production by T cells	LABEL=ResearchTechnique
intracellular cytokine staining assay measuring epitope specific tumor necrosis factor production by T cells	LABEL=ResearchTechnique
intracellular cytokine staining assay measuring epitope specific interleukin-4 production by T cells	LABEL=ResearchTechnique
intracellular cytokine staining assay measuring epitope specific interleukin-10 production by T cells	LABEL=ResearchTechnique
3H-thymidine assay measuring epitope specific proliferation of T cells	LABEL=ResearchTechnique
BrdU assay measuring epitope specific proliferation of T cells	LABEL=ResearchTechnique
assay detecting IFN-gamma production	LABEL=ResearchTechnique
