fluorescence microscopy	LABEL=Research Technique
microscopy assay	LABEL=Research Technique
confocal fluorescence microscopy	LABEL=Research Technique
light microscopy	LABEL=Research Technique
assay	LABEL=Research Technique
Bernoulli trial	LABEL=Research Technique
nuclear magnetic resonance 3D structure determination assay	LABEL=Research Technique
3D structure determination assay	LABEL=Research Technique
imaging assay	LABEL=Research Technique
radioactivity detection	LABEL=Research Technique
protein-protein interaction detection assay	LABEL=Research Technique
transcription factor binding site assay	LABEL=Research Technique
binding assay	LABEL=Research Technique
metabolite profiling assay	LABEL=Research Technique
measuring glucose concentration in blood serum assay	LABEL=Research Technique
analyte assay	LABEL=Research Technique
transcription profiling assay	LABEL=Research Technique
DNA sequence feature detection assay	LABEL=Research Technique
genotyping assay	LABEL=Research Technique
DNA sequence variation detection assay	LABEL=Research Technique
mass measurement assay	LABEL=Research Technique
intra cellular electrophysiology recording assay	LABEL=Research Technique
extracellular electrophysiology recording assay	LABEL=Research Technique
mass spectrometry assay	LABEL=Research Technique
clinical chemistry assay	LABEL=Research Technique
copy number variation profiling assay	LABEL=Research Technique
protein expression profiling assay	LABEL=Research Technique
NMR spectroscopy assay	LABEL=Research Technique
DNA sequencing assay	LABEL=Research Technique
sequencing assay	LABEL=Research Technique
hematology assay	LABEL=Research Technique
DNA methylation profiling assay	LABEL=Research Technique
epigenetic modification assay	LABEL=Research Technique
enzyme-linked immunosorbent assay	LABEL=Research Technique
BrdU incorporation assay	LABEL=Research Technique
cell proliferation assay	LABEL=Research Technique
flow cytometry assay	LABEL=Research Technique
MHC tetramer/multimer assay measuring binding of a T cell epitope:MHC:TCR complex	LABEL=Research Technique
tritiated thymidine incorporation assay	LABEL=Research Technique
MeDIP-seq assay	LABEL=Research Technique
ChIP assay	LABEL=Research Technique
chain termination sequencing assay	LABEL=Research Technique
DNA sequencing by synthesis assay	LABEL=Research Technique
Helicos sequencing assay	LABEL=Research Technique
survival assessment assay	LABEL=Research Technique
Edman degradation	LABEL=Research Technique
SOLiD sequencing assay	LABEL=Research Technique
DNA sequencing by ligation assay	LABEL=Research Technique
ChIP-seq assay	LABEL=Research Technique
glucose tolerance test	LABEL=Research Technique
Solexa sequencing assay	LABEL=Research Technique
pyrosequencing assay	LABEL=Research Technique
immune response assay	LABEL=Research Technique
bisulfite sequencing assay	LABEL=Research Technique
human antithrombin-III in blood assay	LABEL=Research Technique
prothrombin time assay	LABEL=Research Technique
antithrombin-III berichrome assay	LABEL=Research Technique
spectrolyse heparin antifactor-Xa assay	LABEL=Research Technique
measuring neural activity in the caudate nucleus assay	LABEL=Research Technique
activated partial thromboplastin time assay	LABEL=Research Technique
thrombin time assay	LABEL=Research Technique
western blot analysis	LABEL=Research Technique
immunoblot assay	LABEL=Research Technique
northern blot assay	LABEL=Research Technique
96-well neutralization assay	LABEL=Research Technique
serum neutralization of viral infectivity assay	LABEL=Research Technique
single-nucleotide-resolution nucleic acid structure mapping assay	LABEL=Research Technique
viral hemagglutination assay	LABEL=Research Technique
detection of specific nucleic acid polymers with complementary probes	LABEL=Research Technique
viral hemagglutination inhibition assay	LABEL=Research Technique
cell-cell killing assay	LABEL=Research Technique
cytometry assay	LABEL=Research Technique
in vivo cell killing assay	LABEL=Research Technique
Southern blot assay	LABEL=Research Technique
real time polymerase chain reaction assay	LABEL=Research Technique
polymerase chain reaction assay	LABEL=Research Technique
DEPC structure mapping assay	LABEL=Research Technique
single-nucleotide-resolution nucleic acid structure mapping assay using chemical probing	LABEL=Research Technique
in vitro cell killing assay	LABEL=Research Technique
reporter cell line analyte detection bioassay	LABEL=Research Technique
radio immuno assay	LABEL=Research Technique
real time reverse-transcription polymerase chain reaction assay	LABEL=Research Technique
X-ray crystallography assay	LABEL=Research Technique
promoter activity detection by reporter gene assay	LABEL=Research Technique
fluorescence detection assay	LABEL=Research Technique
cytometric bead array assay	LABEL=Research Technique
surface plasmon resonance binding assay	LABEL=Research Technique
handedness assay	LABEL=Research Technique
self reported handedness assessment	LABEL=Research Technique
in live cell assay	LABEL=Research Technique
in live organism assay	LABEL=Research Technique
cell-cell binding detection by flow cytometry assay	LABEL=Research Technique
in container assay	LABEL=Research Technique
Edinburgh handedness assay	LABEL=Research Technique
RNASE CL3 structure mapping assay	LABEL=Research Technique
single-nucleotide-resolution nucleic acid structure mapping assay using enzymatic probing	LABEL=Research Technique
CMCT structure mapping assay	LABEL=Research Technique
MPE-Fe(II) structure mapping assay	LABEL=Research Technique
ENU structure mapping assay	LABEL=Research Technique
RNASE V1 structure mapping assay	LABEL=Research Technique
kethoxal structure mapping assay	LABEL=Research Technique
DMS structure mapping assay	LABEL=Research Technique
DNASE 1 structure mapping assay	LABEL=Research Technique
Rhodium DNA structure mapping assay	LABEL=Research Technique
RNA ADA I RNA structure mapping assay	LABEL=Research Technique
Lead structure mapping assay	LABEL=Research Technique
RNASE T2 structure mapping assay	LABEL=Research Technique
gene dosage assay	LABEL=Research Technique
Fe-BABE RNA structure mapping assay	LABEL=Research Technique
RNASE U2 structure mapping assay	LABEL=Research Technique
binding constant determination assay	LABEL=Research Technique
NMIA RNA structure mapping assay	LABEL=Research Technique
Terbium RNA structure mapping assay	LABEL=Research Technique
OH-radical structure mapping assay	LABEL=Research Technique
RNASE T1 structure mapping assay	LABEL=Research Technique
Nuclease S1 structure mapping assay	LABEL=Research Technique
Ruthenium structure mapping assay	LABEL=Research Technique
inline probing RNA structure mapping assay	LABEL=Research Technique
3D structure determination of bound complex assay	LABEL=Research Technique
age determination assay	LABEL=Research Technique
reverse transcription polymerase chain reaction assay	LABEL=Research Technique
RNA sequencing assay	LABEL=Research Technique
efficacy of epitope intervention experiment	LABEL=Research Technique
epitope protection from infectious challenge experiment	LABEL=Research Technique
epitope protection experiment	LABEL=Research Technique
epitope protection from tumor challenge experiment	LABEL=Research Technique
epitope protection from infectious challenge experiment based on pathogen burden	LABEL=Research Technique
infectious agent detection assay	LABEL=Research Technique
epitope disease exacerbation experiment	LABEL=Research Technique
epitope protection experiment based on survival	LABEL=Research Technique
epitope treatment experiment	LABEL=Research Technique
ELISPOT assay measuring epitope specific transforming growth factor-beta production by T cells	LABEL=Research Technique
biological activity assay measuring epitope specific transforming growth factor-beta production by T cells	LABEL=Research Technique
enzyme-linked immunospot assay	LABEL=Research Technique
cytometric bead array assay measuring epitope specific IP-10 production by T cells	LABEL=Research Technique
biological activity assay measuring epitope specific IP-10 production by T cells	LABEL=Research Technique
biological activity assay measuring epitope specific interleukin-27 production by T cells	LABEL=Research Technique
biological activity assay measuring epitope specific cytokine production by T cells	LABEL=Research Technique
detection of specific nucleic acids with complementary probes assay measuring epitope specific transforming growth factor-beta production by T cells	LABEL=Research Technique
ELISPOT assay measuring epitope specific granulocyte macrophage colony-stimulating factor production by T cells	LABEL=Research Technique
biological activity assay measuring epitope specific granulocyte macrophage colony stimulating factor production by T cells	LABEL=Research Technique
biological activity assay measuring epitope specific interleukin-10 production by T cells	LABEL=Research Technique
cytometric bead array assay measuring epitope specific transforming growth factor-beta production by T cells	LABEL=Research Technique
intracellular material detection assay measuring epitope specific perforin release	LABEL=Research Technique
biological activity assay measuring epitope specific perforin release by T cells	LABEL=Research Technique
cell culture analyte detection bioassay measuring epitope specific interleukin-2 production by T cells	LABEL=Research Technique
biological activity assay measuring epitope specific interleukin-2 production by T cells	LABEL=Research Technique
biological activity assay measuring epitope specific interleukin-22 production by T cells	LABEL=Research Technique
biological activity assay measuring epitope specific interleukin-8 production by T cells	LABEL=Research Technique
cell culture analyte detection bioassay measuring epitope specific interleukin-10 production by T cells	LABEL=Research Technique
ChIP-chip by SNP array assay	LABEL=Research Technique
ChIP-chip assay	LABEL=Research Technique
ELISA measuring epitope specific RANTES production by T cells	LABEL=Research Technique
biological activity assay measuring epitope specific RANTES production by T cells	LABEL=Research Technique
cytometric bead array assay measuring epitope specific interleukin-1 beta production by T cells	LABEL=Research Technique
biological activity assay measuring epitope specific interleukin-1 beta production by T cells	LABEL=Research Technique
ELISPOT assay measuring epitope specific interleukin-6 production by T cells	LABEL=Research Technique
biological activity assay measuring epitope specific interleukin-6 production by T cells	LABEL=Research Technique
biological activity assay measuring epitope specific helper T cell enhancement of a B cell mediated immune response	LABEL=Research Technique
biological activity assay measuring epitope specific T cell helper activity	LABEL=Research Technique
plasmon resonance assay measuring the dissociation constant [KD] of a T cell epitope:MHC:TCR complex	LABEL=Research Technique
assay measuring the dissociation constant [KD] of a T cell epitope:MHC:TCR complex	LABEL=Research Technique
biological activity assay measuring epitope specific interleukin-5 production by T cells	LABEL=Research Technique
ELISA measuring epitope specific transforming growth factor-beta production by T cells	LABEL=Research Technique
transcription profiling by tiling array assay	LABEL=Research Technique
transcription profiling by array assay	LABEL=Research Technique
ELISA measuring epitope specific interleukin-22 production by T cells	LABEL=Research Technique
biological activity assay measuring epitope specific interleukin-21 production by T cells	LABEL=Research Technique
ELISA measuring epitope specific interleukin-9 production by T cells	LABEL=Research Technique
biological activity assay measuring interleukin-9 production by T cells	LABEL=Research Technique
intracellular cytokine staining assay measuring epitope specific interleukin-6 production by T cells	LABEL=Research Technique
cell culture analyte detection bioassay measuring epitope specific interleukin-4 production by T cells	LABEL=Research Technique
biological activity assay measuring epitope specific interleukin-4 production by T cells	LABEL=Research Technique
detection of specific nucleic acids with complementary probes assay measuring epitope specific tumor necrosis factor production by T cells	LABEL=Research Technique
biological activity assay measuring epitope specific tumor necrosis factor production by T cells	LABEL=Research Technique
detection of specific nucleic acids with complementary probes assay measuring epitope specific tumor necrosis factor superfamily cytokine production by T cells	LABEL=Research Technique
cytometric bead array assay measuring epitope specific monocyte chemotactic protein-1 production by T cells	LABEL=Research Technique
biological activity assay measuring epitope specific monocyte chemotactic protein-1 production by T cells	LABEL=Research Technique
ELISA measuring epitope specific interleukin-23 production by T cells	LABEL=Research Technique
biological activity assay measuring epitope specific interleukin-23 production by T cells	LABEL=Research Technique
detection of specific nucleic acids with complementary probes assay measuring epitope specific perforin release	LABEL=Research Technique
ELISA measuring epitope specific tumor necrosis factor superfamily cytokine production by T cells	LABEL=Research Technique
biological activity assay measuring epitope specific tumor necrosis factor superfamily cytokine production by T cells	LABEL=Research Technique
genotyping by high throughput sequencing assay	LABEL=Research Technique
microarray assay	LABEL=Research Technique
biological activity assay measuring epitope specific interleukin-13 production by T cells	LABEL=Research Technique
detection of specific nucleic acids with complementary probes assay measuring epitope specific interleukin-5 production by T cells	LABEL=Research Technique
ELISA measuring epitope specific interleukin-3 production by T cells	LABEL=Research Technique
biological activity assay measuring epitope specific interleukin-3 production by T cells	LABEL=Research Technique
ELISA measuring epitope specific interleukin-1 alpha production by T cells	LABEL=Research Technique
biological activity assay measuring epitope specific interleukin-1 alpha production by T cells	LABEL=Research Technique
biological activity assay measuring epitope specific helper T cell enhancement of a T cell mediated immune response	LABEL=Research Technique
DNA methylation profiling by high throughput sequencing assay	LABEL=Research Technique
detection of specific nucleic acids with complementary probes assay measuring epitope specific interleukin-12 production by T cells	LABEL=Research Technique
biological activity assay measuring epitope specific interleukin-12 production by T cells	LABEL=Research Technique
biological activity assay measuring epitope specific cytotoxic T cell degranulation	LABEL=Research Technique
assay measuring T cell epitope specific biological activity	LABEL=Research Technique
cell culture analyte detection bioassay measuring epitope specific transforming growth factor-beta production by T cells	LABEL=Research Technique
RNA-seq assay	LABEL=Research Technique
ELISPOT assay measuring epitope specific tumor necrosis factor superfamily cytokine production by T cells	LABEL=Research Technique
cell culture analyte detection bioassay measuring epitope specific interleukin-5 production by T cells	LABEL=Research Technique
genotyping by array assay	LABEL=Research Technique
biological activity assay measuring epitope specific chemokine (C-C motif) ligand 1 production by T cells	LABEL=Research Technique
detection of specific nucleic acids with complementary probes assay measuring epitope specific interleukin-2 production by T cells	LABEL=Research Technique
detection of specific nucleic acids with complementary probes assay measuring epitope specific interleukin-22 production by T cells	LABEL=Research Technique
biological activity assay measuring epitope specific interleukin-16 production by T cells	LABEL=Research Technique
ELISA measuring epitope specific IP-10 production by T cells	LABEL=Research Technique
translation profiling assay	LABEL=Research Technique
ELISA measuring epitope specific interleukin-15 production by T cells	LABEL=Research Technique
biological activity assay measuring epitope specific interleukin-15 production by T cells	LABEL=Research Technique
cytometric bead array assay measuring epitope specific interleukin-12 production by T cells	LABEL=Research Technique
ELISA measuring epitope specific lymphotoxin A production by T cells	LABEL=Research Technique
biological activity assay measuring epitope specific lymphotoxin A production by T cells	LABEL=Research Technique
cytometric bead array assay measuring epitope specific interleukin-5 production by T cells	LABEL=Research Technique
detection of specific nucleic acids with complementary probes assay measuring epitope specific interleukin-17 production by T cells	LABEL=Research Technique
biological activity assay measuring epitope specific interleukin-17 production by T cells	LABEL=Research Technique
cytometric bead array assay measuring epitope specific interleukin-17 production by T cells	LABEL=Research Technique
cytometric bead array assay measuring epitope specific interleukin-10 production by T cells	LABEL=Research Technique
detection of specific nucleic acids with complementary probes assay measuring epitope specific interleukin-21 production by T cells	LABEL=Research Technique
intracellular cytokine staining assay measuring epitope specific interleukin-5 production by T cells	LABEL=Research Technique
cytometric bead array assay measuring epitope specific interleukin-2 production by T cells	LABEL=Research Technique
cell culture analyte detection bioassay measuring epitope specific interleukin-16 production by T cells	LABEL=Research Technique
ELISA measuring epitope specific macrophage inflammatory protein-1 alpha production by T cells	LABEL=Research Technique
biological activity assay measuring epitope specific macrophage inflammatory protein-1 alpha production by T cells	LABEL=Research Technique
intracellular cytokine staining assay measuring epitope specific granulocyte macrophage colony-stimulating factor production by T cells	LABEL=Research Technique
RNAi profiling by array assay	LABEL=Research Technique
intracellular cytokine staining assay measuring epitope specific interleukin-13 production by T cells	LABEL=Research Technique
X-ray crystallography assay determining the 3D structure of a T cell epitope:MHC:TCR complex	LABEL=Research Technique
3D structure determining assay of a T cell epitope:MHC:TCR complex	LABEL=Research Technique
ELISA measuring epitope specific chemokine (C-C motif) ligand 1 production by T cells	LABEL=Research Technique
flow cytometry assay measuring cell-cell binding of a T cell epitope:MHC:TCR complex	LABEL=Research Technique
assay measuring qualitiative binding of a T cell epitope:MHC:TCR complex	LABEL=Research Technique
proteomic profiling by array assay	LABEL=Research Technique
cell culture analyte detection bioassay measuring epitope specific interferon-gamma production by T cells	LABEL=Research Technique
biological activity assay measuring epitope specific interferon-gamma production by T cells	LABEL=Research Technique
ELISPOT assay measuring epitope specific granzyme B release by T cells	LABEL=Research Technique
biological activity assay measuring epitope specific granzyme B release by T cells	LABEL=Research Technique
in vivo assay measuring T cell epitope specific tolerance induction	LABEL=Research Technique
biological activity assay measuring T cell epitope specific in vivo activity	LABEL=Research Technique
tolerance induction intervention experiment	LABEL=Research Technique
detection of specific nucleic acids with complementary probes assay measuring epitope specific RANTES production by T cells	LABEL=Research Technique
cytometric bead array assay measuring epitope specific interleukin-4 production by T cells	LABEL=Research Technique
ELISA measuring epitope specific chemokine (C-X-C motif) ligand 9 production by T cells	LABEL=Research Technique
biological activity assay measuring epitope specific chemokine (C-X-C motif) ligand 9 production by T cells	LABEL=Research Technique
DNA methylation profiling by array assay	LABEL=Research Technique
microRNA profiling by array assay	LABEL=Research Technique
microRNA profiling assay	LABEL=Research Technique
detection of specific nucleic acids with complementary probes assay measuring epitope specific interleukin-4 production by T cells	LABEL=Research Technique
cell culture analyte detection bioassay measuring epitope specific granulocyte macrophage colony-stimulating factor production by T cells	LABEL=Research Technique
intracellular cytokine staining assay measuring epitope specific interleukin-21 production by T cells	LABEL=Research Technique
detection of specific nucleic acids with complementary probes assay measuring epitope specific monocyte chemotactic protein-1 production by T cells	LABEL=Research Technique
ELISA measuring epitope specific monocyte chemotactic protein-1 production by T cells	LABEL=Research Technique
biological activity assay measuring epitope specific chemokine (C-C motif) ligand 4 production by T cells	LABEL=Research Technique
ELISA measuring epitope specific interleukin-21 production by T cells	LABEL=Research Technique
in vivo skin test assay measuring T cell epitope specific type IV hypersensitivity	LABEL=Research Technique
cytometric bead array assay measuring epitope specific interleukin-13 production by T cells	LABEL=Research Technique
detection of specific nucleic acids with complementary probes assay measuring epitope specific interferon-gamma production by T cells	LABEL=Research Technique
cytometric bead array assay measuring epitope specific tumor necrosis factor production by T cells	LABEL=Research Technique
cytometric bead array assay measuring epitope specific tumor necrosis factor superfamily cytokine production by T cells	LABEL=Research Technique
ELISPOT assay measuring epitope specific interleukin-17 production by T cells	LABEL=Research Technique
detection of specific nucleic acids with complementary probes assay measuring epitope specific interferon-beta production by T cells	LABEL=Research Technique
biological activity assay measuring epitope specific interferon-beta production by T cells	LABEL=Research Technique
detection of specific nucleic acids with complementary probes assay measuring epitope specific granulocyte macrophage colony-stimulating factor production by T cells	LABEL=Research Technique
ELISA measuring epitope specific interleukin-8 production by T cells	LABEL=Research Technique
cytometric bead array assay measuring epitope specific interleukin-6 production by T cells	LABEL=Research Technique
transcription profiling by RT-PCR assay	LABEL=Research Technique
detection of specific nucleic acids with complementary probes assay measuring epitope specific interleukin-10 production by T cells	LABEL=Research Technique
intracellular cytokine staining assay measuring epitope specific chemokine (C-C motif) ligand 4 production by T cells	LABEL=Research Technique
intracellular cytokine staining assay measuring epitope specific interleukin-3 production by T cells	LABEL=Research Technique
ELISA measuring epitope specific chemokine (C-C motif) ligand 4 production by T cells	LABEL=Research Technique
cytometric bead array assay measuring epitope specific interferon-gamma production by T cells	LABEL=Research Technique
biological activity assay measuring epitope specific interleukin-18 production by T cells	LABEL=Research Technique
detection of specific nucleic acids with complementary probes assay measuring epitope specific interleukin-27 production by T cells	LABEL=Research Technique
detection of specific nucleic acids with complementary probes assay measuring epitope specific IP-10 production by T cells	LABEL=Research Technique
cell culture analyte detection bioassay measuring epitope specific interleukin-3 production by T cells	LABEL=Research Technique
intracellular cytokine staining assay measuring epitope specific tumor necrosis factor superfamily cytokine production by T cells	LABEL=Research Technique
detection of specific nucleic acids with complementary probes assay measuring epitope specific interleukin-6 production by T cells	LABEL=Research Technique
in vivo assay measuring epitope specific T cell killing	LABEL=Research Technique
biological activity assay measuring epitope specific T cell killing	LABEL=Research Technique
comparative genomic hybridization by array assay	LABEL=Research Technique
detection of specific nucleic acids with complementary probes assay measuring epitope specific interleukin-23 production by T cells	LABEL=Research Technique
cytometric bead array assay measuring epitope specific granulocyte colony stimulating factor production by T cells	LABEL=Research Technique
biological activity assay measuring epitope specific granulocyte colony stimulating factor production by T cells	LABEL=Research Technique
promoter activity detection by reporter gene assay measuring epitope specific interleukin-2 production by T cells	LABEL=Research Technique
cytometric bead array assay measuring epitope specific macrophage inflammatory protein-1 alpha production by T cells	LABEL=Research Technique
biological activity assay measuring epitope specific T cell activation	LABEL=Research Technique
cytometric bead array assay measuring epitope specific RANTES production by T cells	LABEL=Research Technique
cell culture analyte detection bioassay measuring epitope specific interleukin-6 production by T cells	LABEL=Research Technique
ChIP-chip by tiling array assay	LABEL=Research Technique
intracellular material detection measuring epitope specific granzyme B release by T cells	LABEL=Research Technique
radio immuno assay measuring epitope specific interferon-gamma production by T cells	LABEL=Research Technique
intracellular cytokine staining assay measuring epitope specific chemokine (C-X-C motif) ligand 9 production by T cells	LABEL=Research Technique
ELISA measuring epitope specific macrophage inflammatory protein-1 gamma production by T cells	LABEL=Research Technique
biological activity assay measuring epitope specific macrophage inflammatory protein-1 gamma production by T cells	LABEL=Research Technique
cell culture analyte detection bioassay measuring epitope specific tumor necrosis factor production by T cells	LABEL=Research Technique
intracellular cytokine staining assay measuring epitope specific lymphotoxin A production by T cells	LABEL=Research Technique
ELISPOT assay measuring epitope specific interleukin-5 production by T cells	LABEL=Research Technique
cytometric bead array assay measuring epitope specific interleukin-8 production by T cells	LABEL=Research Technique
ELISA measuring epitope specific granzyme B release by T cells	LABEL=Research Technique
intracellular cytokine staining assay measuring epitope specific interleukin-12 production by T cells	LABEL=Research Technique
in vivo assay measuring T cell epitope specific disease exacerbation	LABEL=Research Technique
disease exacerbation in vivo intervention experiment	LABEL=Research Technique
monospecific T cell recognition assay measuring MHC ligand processing and presentation	LABEL=Research Technique
assay measuring MHC ligand processing and presentation	LABEL=Research Technique
assay measuring binding of a T cell epitope:MHC:TCR complex	LABEL=Research Technique
in vivo assay measuring T cell epitope specific protection from tumor challenge	LABEL=Research Technique
in vivo assay measuring T cell epitope specific protection from challenge	LABEL=Research Technique
in vivo assay measuring T cell epitope specific protection from infectious challenge based on pathogen burden	LABEL=Research Technique
phage display binding assay	LABEL=Research Technique
mass spectrometry assay measuring MHC ligand processing and presentation	LABEL=Research Technique
intracellular cytokine staining assay measuring epitope specific transforming growth factor-beta production by T cells	LABEL=Research Technique
in vivo intervention experiment	LABEL=Research Technique
epitope tolerance induction experiment	LABEL=Research Technique
mass spectrometry assay measuring MHC ligand processing and presentation of MHC ligands eluted from cellular MHC	LABEL=Research Technique
cytometric bead array measuring epitope specific granulocyte macrophage colony-stimulating factor production by T cells	LABEL=Research Technique
radioactivity detection binding assay	LABEL=Research Technique
in vivo assay measuring T cell epitope specific protection based on survival	LABEL=Research Technique
cell bound MHC competitive binding assay of a MHC:ligand complex using T cell epitope recognition	LABEL=Research Technique
cell bound MHC binding assay measuring binding of a MHC:ligand complex	LABEL=Research Technique
intracellular cytokine staining assay measuring epitope specific interleukin-22 production by T cells	LABEL=Research Technique
fluorescence detection binding assay	LABEL=Research Technique
coelution assay measuring MHC ligand processing and presentation using T cell recognition of HPLC fractionated eluate compared to synthetic ligand	LABEL=Research Technique
in vivo assay measuring T cell epitope specific treatment of disease	LABEL=Research Technique
treatment intervention experiment	LABEL=Research Technique
Edman degradation assay measuring MHC ligand processing and presentation	LABEL=Research Technique
mass spectrometry assay measuring MHC ligand processing and presentation of MHC ligands eluted from secreted MHC	LABEL=Research Technique
cytometric bead array assay measuring epitope specific interleukin-17A production by T cells	LABEL=Research Technique
biological activity assay measuring epitope specific interleukin-17A production by T cells	LABEL=Research Technique
purified MHC competitive binding assay of a MHC:ligand complex using radioactivity detection	LABEL=Research Technique
purified MHC binding assay measuring binding of a MHC:ligand complex	LABEL=Research Technique
cell lysate MHC direct binding assay measuring half maximal effective concentration [EC50] of a MHC:ligand complex using radioactivity detection	LABEL=Research Technique
assay measuring the half maximal effective concentration [EC50] of a MHC:ligand complex	LABEL=Research Technique
cell bound MHC competitive binding assay measuring half maximal inhibitory concentration [IC50] of a MHC:ligand complex using radioactivity detection	LABEL=Research Technique
assay measuring the half maximal inhibitory concentration [IC50] of a MHC:ligand complex	LABEL=Research Technique
cell lysate MHC direct binding assay of a MHC:ligand complex using fluorescence detection	LABEL=Research Technique
cell lysate MHC binding assay measuring binding of a MHC:ligand complex	LABEL=Research Technique
cell bound MHC competitive binding assay measuring half maximal inhibitory concentration [IC50] of a MHC:ligand complex using fluorescence detection	LABEL=Research Technique
ELISA measuring epitope specific granulocyte colony stimulating factor production by T cells	LABEL=Research Technique
cytometric bead array assay measuring epitope specific interleukin-17F production by T cells	LABEL=Research Technique
biological activity assay measuring epitope specific interleukin-17F production by T cells	LABEL=Research Technique
cell bound MHC direct binding assay measuring equilibrium association constant [KA] of a MHC:ligand complex using fluorescence detection	LABEL=Research Technique
assay measuring the association constant [KA] of a MHC:ligand complex	LABEL=Research Technique
purified MHC direct binding assay measuring half life of a MHC:ligand complex using fluorescence detection	LABEL=Research Technique
assay measuring the half life of a MHC:ligand complex	LABEL=Research Technique
cytometric bead array assay measuring epitope specific interleukin-9 production by T cells	LABEL=Research Technique
purified MHC competitive binding assay measuring binding of a MHC:ligand complex using fluorescence detection	LABEL=Research Technique
purified MHC competitive binding assay measuring equilibrium dissociation constant [KD] of a MHC:ligand complex using fluorescence detection	LABEL=Research Technique
assay measuring the dissociation constant [KD] of a MHC:ligand complex	LABEL=Research Technique
cell bound MHC competitive binding assay measuring equilibrium dissociation constant [KD] of a MHC:ligand complex using fluorescence detection	LABEL=Research Technique
purified MHC direct binding assay measuring binding on rate [kon] of a MHC:ligand complex using fluorescence detection	LABEL=Research Technique
assay measuring the MHC ligand binding on rate [kon] of a MHC:ligand complex	LABEL=Research Technique
detection of specific nucleic acids with complementary probes assay measuring epitope specific interleukin-13 production by T cells	LABEL=Research Technique
purified MHC direct binding assay measuring equilibrium dissociation constant [KD] of a MHC:ligand complex approximated by EC50 using fluorescence detection	LABEL=Research Technique
cell lysate MHC competitive binding assay measuring equilibrium dissociation constant [KD] of a MHC:ligand complex using radioactivity detection	LABEL=Research Technique
intracellular cytokine staining assay measuring epitope specific macrophage inflammatory protein-1 alpha production by T cells	LABEL=Research Technique
cell bound MHC competitive binding assay measuring equilibrium dissociation constant [KD] of a MHC:ligand complex using radioactivity detection	LABEL=Research Technique
assay measuring qualitiative binding of a MHC:ligand complex	LABEL=Research Technique
intracellular cytokine staining assay measuring epitope specific tumor necrosis factor (ligand) superfamily member 11 production by T cells	LABEL=Research Technique
biological activity assay measuring epitope specific tumor necrosis factor (ligand) superfamily member 11 production by T cells	LABEL=Research Technique
assay measuring a binding constant of a MHC:ligand complex	LABEL=Research Technique
assay measuring binding of a MHC:ligand complex	LABEL=Research Technique
cell lysate MHC direct binding assay of a MHC:ligand complex using radioactivity detection	LABEL=Research Technique
cell bound MHC direct binding assay measuring half life of a MHC:ligand complex using radioactivity detection	LABEL=Research Technique
cell bound MHC direct binding assay measuring half life of a MHC:ligand complex using fluorescence detection	LABEL=Research Technique
cell bound MHC direct binding assay measuring half maximal effective concentration [EC50] of a MHC:ligand complex using fluorescence detection	LABEL=Research Technique
intracellular cytokine staining assay measuring epitope specific interleukin-17F production by T cells	LABEL=Research Technique
intracellular cytokine staining assay measuring epitope specific interleukin-17 production by T cells	LABEL=Research Technique
purified MHC competitive binding assay measuring equilibrium dissociation constant [KD] of a MHC:ligand complex approximated by IC50 using radioactivity detection	LABEL=Research Technique
purified MHC competitive binding assay measuring equilibrium dissociation constant [KD] of a MHC:ligand complex using radioactivity detection	LABEL=Research Technique
cell lysate MHC direct binding assay measuring half life of a MHC:ligand complex using radioactivity detection	LABEL=Research Technique
cell lysate MHC direct binding assay measuring binding off rate [koff] of a MHC:ligand complex using radioactivity detection	LABEL=Research Technique
assay measuring the off rate measurement [koff] of a MHC:ligand complex	LABEL=Research Technique
purified MHC competitive binding assay measuring half maximal inhibitory concentration [IC50] of a MHC:ligand complex using radioactivity detection	LABEL=Research Technique
purified MHC direct binding assay measuring binding off rate [koff] of a MHC:ligand complex using fluorescence detection	LABEL=Research Technique
biological activity assay measuring epitope specific vascular endothelial growth factor production by T cells	LABEL=Research Technique
cytometric bead array assay measuring epitope specific intracellular cytokine staining (ICS) IL-22 production by T cells	LABEL=Research Technique
ELISA measuring epitope specific vascular endothelial growth factor production by T cells	LABEL=Research Technique
purified MHC direct binding assay measuring binding of a MHC:ligand complex using phage display	LABEL=Research Technique
cytometric bead array assay measuring epitope specific interleukin-7 production by T cells	LABEL=Research Technique
biological activity assay measuring epitope specific interleukin-7 production by T cells	LABEL=Research Technique
purified MHC direct binding assay measuring half life of a MHC:ligand complex using radioactivity detection	LABEL=Research Technique
intracellular cytokine staining assay measuring epitope specific interleukin-17A production by T cells	LABEL=Research Technique
purified MHC direct binding assay measuring binding of a MHC:ligand complex using fluorescence detection	LABEL=Research Technique
direct binding assay	LABEL=Research Technique
purified MHC direct binding assay measuring half maximal effective concentration [EC50] of a MHC:ligand complex using fluorescence detection	LABEL=Research Technique
competitive inhibition of binding assay	LABEL=Research Technique
cell bound MHC competitive binding assay of a MHC:ligand complex using fluorescence detection	LABEL=Research Technique
X-ray crystallography assay determining the 3D structure of a MHC:ligand complex	LABEL=Research Technique
3D structure determining assay of a MHC:ligand complex	LABEL=Research Technique
cell bound MHC competitive binding assay measuring half maximal inhibitory concentration [IC50] of a MHC:ligand complex using T cell epitope recognition	LABEL=Research Technique
cell bound MHC competitive binding assay of a MHC:ligand complex using radioactivity detection	LABEL=Research Technique
cytometric bead array assay measuring epitope specific intracellular cytokine staining (ICS) IL-21 production by T cells	LABEL=Research Technique
cell bound MHC direct binding assay of a MHC:ligand complex using radioactivity detection	LABEL=Research Technique
purified MHC direct binding assay measuring 50% dissociation of binding temperature [Tm] of a MHC:ligand complex using fluorescence detection	LABEL=Research Technique
cell bound MHC direct binding assay of a MHC:ligand complex using fluorescence detection	LABEL=Research Technique
purified MHC direct binding assay of a MHC:ligand complex using radioactivity detection	LABEL=Research Technique
intracellular cytokine staining assay measuring epitope specific interleukin-8 production by T cells	LABEL=Research Technique
cytometric bead array assay measuring epitope specific intracellular cytokine staining (ICS) IL-223 production by T cells	LABEL=Research Technique
purified MHC competitive binding assay measuring half maximal inhibitory concentration [IC50] of a MHC:ligand complex using fluorescence detection	LABEL=Research Technique
organism identification assay	LABEL=Research Technique
analytical chromatography	LABEL=Research Technique
electron microscopy imaging assay	LABEL=Research Technique
immuno staining assay	LABEL=Research Technique
assay detecting a molecular label	LABEL=Research Technique
calorimetric binding assay	LABEL=Research Technique
antibody binding detection by fluorescence quenching	LABEL=Research Technique
fluorescence quenching binding assay	LABEL=Research Technique
antigen inhibition assay measuring the dissociation constant [KD] of a B cell epitope:antibody complex approximated by IC50	LABEL=Research Technique
assay measuring the dissociation constant [KD] of a B cell epitope:antibody complex	LABEL=Research Technique
biological activity assay measuring epitope specific Ig-mediated histamine release	LABEL=Research Technique
biological activity assay measuring epitope specific activation of additional immune response in vitro	LABEL=Research Technique
biological activity assay measuring epitope specific immunoglobulin-mediated antigen activation	LABEL=Research Technique
assay measuring B cell epitope specific biological activity	LABEL=Research Technique
biological activity assay measuring epitope specific complement-dependent cytotoxicity	LABEL=Research Technique
biological activity assay measuring epitope specific antibody-dependent cellular cytotoxicity	LABEL=Research Technique
biological activity assay measuring epitope specific immunoglobulin-mediated neutralization	LABEL=Research Technique
biological activity assay measuring epitope specific opsonization	LABEL=Research Technique
calorimetry assay measuring binding of a B cell epitope:antibody complex	LABEL=Research Technique
assay measuring qualitiative binding of a B cell epitope:antibody complex	LABEL=Research Technique
electron microscopy assay determining the 3D structure of a B cell epitope:antibody complex	LABEL=Research Technique
3D structure determining assay of a 3D B cell epitope:antibody complex	LABEL=Research Technique
NMR assay determining the 3D structure of a B cell epitope:antibody complex	LABEL=Research Technique
cross blocking assay measuring binding of a B cell epitope:antibody complex	LABEL=Research Technique
antibody cross-blocking assay	LABEL=Research Technique
RIA measuring binding of a B cell epitope:antibody complex	LABEL=Research Technique
immunoblot assay measuring binding of a B cell epitope:antibody complex	LABEL=Research Technique
plasmon resonance assay measuring binding of a B cell epitope:antibody complex	LABEL=Research Technique
immuno staining assay measuring binding of a B cell epitope:antibody complex	LABEL=Research Technique
immunoprecipitation assay measuring binding of a B cell epitope:antibody complex	LABEL=Research Technique
immunoprecipitation assay	LABEL=Research Technique
mass spectrometry assay measuring binding of a B cell epitope:antibody complex	LABEL=Research Technique
phage display assay measuring binding of a B cell epitope:antibody complex	LABEL=Research Technique
electron microscopy assay measuring binding of a B cell epitope:antibody complex	LABEL=Research Technique
ELISA measuring binding of a B cell epitope:antibody complex	LABEL=Research Technique
ELISPOT assay measuring binding of a B cell epitope:antibody complex	LABEL=Research Technique
flow cytometry assay measuring binding of a B cell epitope:antibody complex	LABEL=Research Technique
intracellular material detection assay measuring epitope specific granzyme A release by T cells	LABEL=Research Technique
biological activity assay measuring epitope specific granzyme A release by T cells	LABEL=Research Technique
chromatography assay measuring binding of a B cell epitope:antibody complex	LABEL=Research Technique
NMR assay measuring binding of a B cell epitope:antibody complex	LABEL=Research Technique
ELISA measuring epitope specific granulysin release by T cells	LABEL=Research Technique
biological activity assay measuring epitope specific granulysin release by T cells	LABEL=Research Technique
intracellular material detection assay measuring epitope specific granulysin release by T cells	LABEL=Research Technique
cell bound MHC direct binding assay measuring the off rate [koff] of a MHC:ligand complex using fluorescence detection	LABEL=Research Technique
cell bound MHC direct binding assay measuring binding on rate [kon] of a MHC:ligand complex using fluorescence detection	LABEL=Research Technique
purified MHC competitive binding assay measuring equilibrium dissociation constant [KD] of a MHC:ligand complex approximated by IC50 using fluorescence detection	LABEL=Research Technique
split-ubiquitin assay	LABEL=Research Technique
far-Western blot assay	LABEL=Research Technique
RNA protection assay	LABEL=Research Technique
electrophoretic mobility shift assay	LABEL=Research Technique
gene knock-down assay	LABEL=Research Technique
nano-cap analysis of gene expression assay	LABEL=Research Technique
cap analysis of gene expression assay	LABEL=Research Technique
ELISA measuring epitope specific interleukin-17A production by T cells	LABEL=Research Technique
ELISA measuring epitope specific interleukin-17 production by T cells	LABEL=Research Technique
detection of specific nucleic acids with complementary probes assay measuring epitope specific interleukin-7 production by T cells	LABEL=Research Technique
yeast 2-hybrid assay	LABEL=Research Technique
Sos-recruitment assay	LABEL=Research Technique
yeast one-hybrid assay	LABEL=Research Technique
bacterial one-hybrid assay	LABEL=Research Technique
chromosome organization assay by fluorescence in-situ hybridization	LABEL=Research Technique
in-situ hybridization assay	LABEL=Research Technique
methylation-specific polymerase chain reaction assay	LABEL=Research Technique
amplification of intermethylated sites assay	LABEL=Research Technique
cytochalasin-induced inhibition of actin polymerization assay	LABEL=Research Technique
in vivo assay measuring B cell epitope specific protection from fertility	LABEL=Research Technique
biological activity assay measuring B cell epitope specific in vivo activity	LABEL=Research Technique
in vivo assay measuring B cell epitope specific tolerance induction	LABEL=Research Technique
in vivo assay measuring B cell epitope specific induction of hypersensitivity	LABEL=Research Technique
biological activity assay measuring epitope specific immune complex formation	LABEL=Research Technique
in vivo assay measuring B cell epitope specific protection based on survival	LABEL=Research Technique
in vivo assay measuring B cell epitope specific protection from challenge	LABEL=Research Technique
in vivo assay measuring B cell epitope specific treatment of disease	LABEL=Research Technique
antigen inhibition assay measuring binding of a B cell epitope:antibody complex	LABEL=Research Technique
assay measuring binding of a B cell epitope:antibody complex	LABEL=Research Technique
biological activity assay measuring epitope specific antigen inhibition of antibody activity	LABEL=Research Technique
assay measuring a binding constant of a B cell epitope:antibody complex	LABEL=Research Technique
in vivo assay measuring B cell epitope specific disease exacerbation	LABEL=Research Technique
assay measuring the on rate [kon] of a B cell epitope:antibody complex	LABEL=Research Technique
assay measuring the association constant [KA] of a B cell epitope:antibody complex	LABEL=Research Technique
assay measuring the off rate [koff] of a B cell epitope:antibody complex	LABEL=Research Technique
biological activity assay measuring epitope specific hemagglutination inhibition	LABEL=Research Technique
quenching assay measuring binding of a B cell epitope:antibody complex	LABEL=Research Technique
RIA measuring the dissociation constant [KD] of a B cell epitope:antibody complex	LABEL=Research Technique
ELISA measuring the dissociation constant [KD] of a B cell epitope:antibody complex	LABEL=Research Technique
quenching assay measuring the dissociation constant [KD] of a B cell epitope:antibody complex	LABEL=Research Technique
surface plasmon resonance assay measuring the association constant [KA] of a B cell epitope:antibody complex	LABEL=Research Technique
surface plasmon resonance assay measuring the dissociation constant [KD] of a B cell epitope:antibody complex	LABEL=Research Technique
quenching assay measuring the association constant [KA] of a B cell epitope:antibody complex	LABEL=Research Technique
calorimetry assay measuring the association constant [KA] of a B cell epitope:antibody complex	LABEL=Research Technique
calorimetry assay measuring the dissociation constant [KD] of a B cell epitope:antibody complex	LABEL=Research Technique
ELISA measuring the association constant [KA] of a B cell epitope:antibody complex	LABEL=Research Technique
RIA measuring the association constant [KA] of a B cell epitope:antibody complex	LABEL=Research Technique
X-ray crystallography assay determining the 3D structure of a B cell epitope:antibody complex	LABEL=Research Technique
surface plasmon resonance assay measuring the off rate [koff] of a B cell epitope:antibody complex	LABEL=Research Technique
quenching assay measuring the off rate [koff] of a B cell epitope:antibody complex	LABEL=Research Technique
surface plasmon resonance assay measuring the on rate [kon] of a B cell epitope:antibody complex	LABEL=Research Technique
quenching assay measuring the on rate [kon] of a B cell epitope:antibody complex	LABEL=Research Technique
detection of specific nucleic acids with complementary probes assay measuring epitope specific interleukin-1 beta production by T cells	LABEL=Research Technique
intracellular cytokine staining assay measuring epitope specific interleukin-1 alpha production by T cells	LABEL=Research Technique
ELISPOT assay measuring epitope specific interleukin-1 alpha production by T cells	LABEL=Research Technique
detection of specific nucleic acids with complementary probes assay measuring epitope specific interleukin-1 alpha production by T cells	LABEL=Research Technique
cytometric bead array assay measuring epitope specific interleukin-1 alpha production by T cells	LABEL=Research Technique
ELISPOT assay measuring epitope specific interferon-beta production by T cells	LABEL=Research Technique
intracellular cytokine staining assay measuring epitope specific interferon-beta production by T cells	LABEL=Research Technique
intracellular cytokine staining assay measuring epitope specific granulocyte colony stimulating factor production by T cells	LABEL=Research Technique
ELISA measuring epitope specific interferon-beta production by T cells	LABEL=Research Technique
detection of specific nucleic acids with complementary probes assay measuring epitope specific granulocyte colony stimulating factor production by T cells	LABEL=Research Technique
ELISPOT assay measuring epitope specific granulocyte colony stimulating factor production by T cells	LABEL=Research Technique
cytometric bead array assay measuring epitope specific chemokine (C-X-C motif) ligand 9 production by T cells	LABEL=Research Technique
ELISPOT assay measuring epitope specific chemokine (C-X-C motif) ligand 9 production by T cells	LABEL=Research Technique
detection of specific nucleic acids with complementary probes assay measuring epitope specific chemokine (C-X-C motif) ligand 9 production by T cells	LABEL=Research Technique
ELISPOT assay measuring epitope specific chemokine (C-C motif) ligand 4 production by T cells	LABEL=Research Technique
detection of specific nucleic acids with complementary probes assay measuring epitope specific chemokine (C-X-C motif) ligand 12 production by T cells	LABEL=Research Technique
biological activity assay measuring epitope specific chemokine (C-X-C motif) ligand 12 production by T cells	LABEL=Research Technique
detection of specific nucleic acids with complementary probes assay measuring epitope specific chemokine (C-X-C motif) ligand 13 production by T cells	LABEL=Research Technique
biological activity assay measuring epitope specific chemokine (C-X-C motif) ligand 13 production by T cells	LABEL=Research Technique
detection of specific nucleic acids with complementary probes assay measuring epitope specific chemokine (C-X-C motif) ligand 16 production by T cells	LABEL=Research Technique
biological activity assay measuring epitope specific chemokine (C-X-C motif) ligand 16 production by T cells	LABEL=Research Technique
detection of specific nucleic acids with complementary probes assay measuring epitope specific chemokine (C-C motif) ligand 21 production by T cells	LABEL=Research Technique
biological activity assay measuring epitope specific chemokine (C-C motif) ligand 21 production by T cells	LABEL=Research Technique
detection of specific nucleic acids with complementary probes assay measuring epitope specific chemokine (C-C motif) ligand 22 production by T cells	LABEL=Research Technique
biological activity assay measuring epitope specific chemokine (C-C motif) ligand 22 production by T cells	LABEL=Research Technique
cytometric bead array assay measuring epitope specific chemokine (C-C motif) ligand 4 production by T cells	LABEL=Research Technique
detection of specific nucleic acids with complementary probes assay measuring epitope specific chemokine (C-C motif) ligand 4 production by T cells	LABEL=Research Technique
detection of specific nucleic acids with complementary probes assay measuring epitope specific vascular endothelial growth factor production by T cells	LABEL=Research Technique
detection of specific nucleic acids with complementary probes assay measuring epitope specific chemokine (C-C motif) ligand 19 production by T cells	LABEL=Research Technique
biological activity assay measuring epitope specific chemokine (C-C motif) ligand 19 production by T cells	LABEL=Research Technique
intracellular cytokine staining assay measuring epitope specific chemokine (C-C motif) ligand 1 production by T cells	LABEL=Research Technique
intracellular cytokine staining assay measuring epitope specific vascular endothelial growth factor production by T cells	LABEL=Research Technique
ELISPOT assay measuring epitope specific vascular endothelial growth factor production by T cells	LABEL=Research Technique
ELISPOT assay measuring epitope specific macrophage inflammatory protein-1 alpha production by T cells	LABEL=Research Technique
cytometric bead array assay measuring epitope specific macrophage inflammatory protein-1 gamma production by T cells	LABEL=Research Technique
detection of specific nucleic acids with complementary probes assay measuring epitope specific macrophage inflammatory protein-1 gamma production by T cells	LABEL=Research Technique
intracellular cytokine staining assay measuring epitope specific monocyte chemotactic protein-1 production by T cells	LABEL=Research Technique
ELISPOT assay measuring epitope specific monocyte chemotactic protein-1 production by T cells	LABEL=Research Technique
intracellular cytokine staining assay measuring epitope specific macrophage inflammatory protein-1 gamma production by T cells	LABEL=Research Technique
ELISPOT assay measuring epitope specific macrophage inflammatory protein-1 gamma production by T cells	LABEL=Research Technique
cytometric bead array assay measuring epitope specific vascular endothelial growth factor production by T cells	LABEL=Research Technique
intracellular cytokine staining assay measuring epitope specific RANTES production by T cells	LABEL=Research Technique
ELISPOT assay measuring epitope specific RANTES production by T cells	LABEL=Research Technique
ELISPOT assay measuring epitope specific lymphotoxin A production by T cells	LABEL=Research Technique
detection of specific nucleic acids with complementary probes assay measuring epitope specific macrophage inflammatory protein-1 alpha production by T cells	LABEL=Research Technique
cytometric bead array assay measuring epitope specific lymphotoxin A production by T cells	LABEL=Research Technique
detection of specific nucleic acids with complementary probes assay measuring epitope specific lymphotoxin A production by T cells	LABEL=Research Technique
ELISPOT assay measuring epitope specific IP-10 production by T cells	LABEL=Research Technique
intracellular cytokine staining assay measuring epitope specific IP-10 production by T cells	LABEL=Research Technique
ELISPOT assay measuring epitope specific interleukin-9 production by T cells	LABEL=Research Technique
intracellular cytokine staining assay measuring epitope specific interleukin-9 production by T cells	LABEL=Research Technique
detection of specific nucleic acids with complementary probes assay measuring epitope specific interleukin-9 production by T cells	LABEL=Research Technique
ELISPOT assay measuring epitope specific interleukin-8 production by T cells	LABEL=Research Technique
detection of specific nucleic acids with complementary probes assay measuring epitope specific interleukin-8 production by T cells	LABEL=Research Technique
ELISPOT assay measuring epitope specific interleukin-3 production by T cells	LABEL=Research Technique
ELISA measuring epitope specific interleukin-7 production by T cells	LABEL=Research Technique
ELISPOT assay measuring epitope specific interleukin-7 production by T cells	LABEL=Research Technique
intracellular cytokine staining assay measuring epitope specific interleukin-7 production by T cells	LABEL=Research Technique
intracellular cytokine staining assay measuring epitope specific interleukin-27 production by T cells	LABEL=Research Technique
cytometric bead array assay measuring epitope specific interleukin-3 production by T cells	LABEL=Research Technique
detection of specific nucleic acids with complementary probes assay measuring epitope specific interleukin-3 production by T cells	LABEL=Research Technique
cytometric bead array assay measuring epitope specific interleukin-27 production by T cells	LABEL=Research Technique
intracellular cytokine staining assay measuring epitope specific interleukin-23 production by T cells	LABEL=Research Technique
ELISPOT assay measuring epitope specific interleukin-27 production by T cells	LABEL=Research Technique
ELISA measuring epitope specific interleukin-27 production by T cells	LABEL=Research Technique
detection of specific nucleic acids with complementary probes assay measuring epitope specific interleukin-18 production by T cells	LABEL=Research Technique
ELISPOT assay measuring epitope specific interleukin-18 production by T cells	LABEL=Research Technique
ELISPOT assay measuring epitope specific interleukin-22 production by T cells	LABEL=Research Technique
ELISPOT assay measuring epitope specific interleukin-23 production by T cells	LABEL=Research Technique
intracellular cytokine staining assay measuring epitope specific interleukin-18 production by T cells	LABEL=Research Technique
ELISPOT assay measuring epitope specific interleukin-21 production by T cells	LABEL=Research Technique
detection of specific nucleic acids with complementary probes assay measuring epitope specific chemokine (C-C motif) ligand 1 production by T cells	LABEL=Research Technique
cytometric bead array assay measuring epitope specific chemokine (C-C motif) ligand 1 production by T cells	LABEL=Research Technique
ELISPOT assay measuring epitope specific chemokine (C-C motif) ligand 1 production by T cells	LABEL=Research Technique
ELISPOT assay measuring epitope specific interleukin-17F production by T cells	LABEL=Research Technique
ELISA measuring epitope specific interleukin-17F production by T cells	LABEL=Research Technique
detection of specific nucleic acids with complementary probes assay measuring epitope specific interleukin-17F production by T cells	LABEL=Research Technique
ELISPOT assay measuring epitope specific interleukin-17A production by T cells	LABEL=Research Technique
cytometric bead array assay measuring epitope specific interleukin-18 production by T cells	LABEL=Research Technique
detection of specific nucleic acids with complementary probes assay measuring epitope specific interleukin-16 production by T cells	LABEL=Research Technique
ELISA measuring epitope specific interleukin-16 production by T cells	LABEL=Research Technique
ELISPOT assay measuring epitope specific interleukin-16 production by T cells	LABEL=Research Technique
intracellular cytokine staining assay measuring epitope specific interleukin-16 production by T cells	LABEL=Research Technique
detection of specific nucleic acids with complementary probes assay measuring epitope specific interleukin-17A production by T cells	LABEL=Research Technique
intracellular cytokine staining assay measuring epitope specific interleukin-1 beta production by T cells	LABEL=Research Technique
ELISPOT assay measuring epitope specific interleukin-1 beta production by T cells	LABEL=Research Technique
detection of specific nucleic acids with complementary probes measuring epitope specific interleukin-15 production by T cells	LABEL=Research Technique
ELISPOT assay measuring epitope specific interleukin-12 production by T cells	LABEL=Research Technique
intracellular cytokine staining assay measuring epitope specific interleukin-15 production by T cells	LABEL=Research Technique
ELISPOT assay measuring epitope specific interleukin-15 production by T cells	LABEL=Research Technique
chromatin interaction analysis by paired-end tag sequencing assay	LABEL=Research Technique
nuclear ligation assay	LABEL=Research Technique
chromosome conformation capture assay	LABEL=Research Technique
structural analysis by paired-end tag sequencing assay	LABEL=Research Technique
transcript analysis by paired-end tag sequencing assay	LABEL=Research Technique
DNase I hypersensitive sites sequencing assay	LABEL=Research Technique
RNP (ribonuclear particle) immunoprecipitation high- throughput sequencing assay	LABEL=Research Technique
cross-linking immunoprecipitation high-throughput sequencing assay	LABEL=Research Technique
formaldehyde-assisted isolation of regulatory elements assay	LABEL=Research Technique
methylation-sensitive restriction enzyme sequencing assay	LABEL=Research Technique
reduced representation bisulfite sequencing assay	LABEL=Research Technique
shotgun bisulfite-seq assay	LABEL=Research Technique
RNA Annotation and Mapping of Promoters for the Analysis of Gene Expression assay	LABEL=Research Technique
DNA replication timing by array assay	LABEL=Research Technique
RNA-binding protein immunoprecipitation array profiling assay	LABEL=Research Technique
Carbon-copy chromosome conformation capture assay	LABEL=Research Technique
DNA replication timing by sequencing assay	LABEL=Research Technique
RNA-binding protein immunoprecipitation tiling array profiling assay	LABEL=Research Technique
microRNA profiling by high throughput sequencing assay	LABEL=Research Technique
protein sequencing by tandem mass spectrometry assay	LABEL=Research Technique
micrococcal nuclease digestion followed by high throughput sequencing assay	LABEL=Research Technique
chromatin immunoprecipitation with exonuclease sequencing assay	LABEL=Research Technique
assay using chromatin immunoprecipitation	LABEL=Research Technique
taxonomic diversity assessment by targeted gene survey	LABEL=Research Technique
hydrogen/deuterium exchange footprinting assay	LABEL=Research Technique
footprinting assay	LABEL=Research Technique
protection from challenge in vivo intervention experiment	LABEL=Research Technique
immunohistochemistry	LABEL=Research Technique
chromatography assay measuring the association constant [KA] of a B cell epitope:antibody complex	LABEL=Research Technique
chromatography assay measuring the dissociation constant [KD] of a B cell epitope:antibody complex	LABEL=Research Technique
hydrogen/deuterium exchange footprinting assay measuring binding of a B cell epitope:antibody complex	LABEL=Research Technique
footprinting assay measuring binding of a B cell epitope:antibody complex	LABEL=Research Technique
immunohistochemistry assay measuring binding of a B cell epitope:antibody complex	LABEL=Research Technique
DNA methylation profiling by ChIP-chip assay	LABEL=Research Technique
transcription profiling by MPSS assay	LABEL=Research Technique
histone modification identification by ChIP-chip assay	LABEL=Research Technique
histone modification identification by ChIP-Seq assay	LABEL=Research Technique
transcription factor binding site identification by ChIP-chip assay	LABEL=Research Technique
transcription factor binding site identification by ChIP-Seq assay	LABEL=Research Technique
serial analysis of gene expression assay	LABEL=Research Technique
genotyping by tiling array assay	LABEL=Research Technique
genotyping by SNP array assay	LABEL=Research Technique
parallel analysis of RNA structure assay	LABEL=Research Technique
translation-associated transcript leader sequencing assay	LABEL=Research Technique
transcript leader sequencing assay	LABEL=Research Technique
peptide mass fingerprinting assay	LABEL=Research Technique
array based nucleic acid structure mapping assay	LABEL=Research Technique
micrococcal nuclease digestion followed by tiling array assay	LABEL=Research Technique
ribosomal profiling by sequencing assay	LABEL=Research Technique
assay for transposase-accessible chromatin using sequencing	LABEL=Research Technique
chromatin isolation by RNA purification sequencing assay	LABEL=Research Technique
self-transcribing active regulatory region sequencing assay	LABEL=Research Technique
carbon-copy chromosome conformation capture assay followed by sequencing assay	LABEL=Research Technique
individual-nucleotide resolution cross-linking and immunoprecipitation sequencing assay	LABEL=Research Technique
RNA Bind-n-Seq assay	LABEL=Research Technique
polyA-site sequencing assay	LABEL=Research Technique
in vivo assay measuring B cell epitope specific protection from infectious challenge based on pathogen burden	LABEL=Research Technique
in vivo assay measuring B cell epitope specific protection from tumor challenge	LABEL=Research Technique
microarray assay measuring binding of a B cell epitope:antibody complex	LABEL=Research Technique
NMR assay measuring the dissociation constant [KD] of a B cell epitope:antibody complex	LABEL=Research Technique
biological activity assay measuring epitope specific chemokine (C-C motif) ligand 17 production by T cells	LABEL=Research Technique
biological activity assay measuring epitope specific macrophage migration inhibitory factor (MIF) production by T cells	LABEL=Research Technique
biological activity assay measuring epitope specific oncostatin M production by T cells	LABEL=Research Technique
assay measuring a binding constant of a T cell epitope:MHC:TCR complex	LABEL=Research Technique
detection of specific nucleic acids with complementary probes assay measuring epitope specific chemokine (C-C motif) ligand 17 production by T cells	LABEL=Research Technique
cytometric bead array assay measuring epitope specific chemokine (C-C motif) ligand 22 production by T cells	LABEL=Research Technique
in vitro assay measuring epitope specific T cell killing	LABEL=Research Technique
cytometric bead array assay measuring epitope specific granzyme A release by T cells	LABEL=Research Technique
detection of specific nucleic acids with complementary probes assay measuring epitope specific granzyme A release by T cells	LABEL=Research Technique
cytometric bead array assay measuring epitope specific granzyme B release by T cells	LABEL=Research Technique
detection of specific nucleic acids with complementary probes assay measuring epitope specific granzyme B release by T cells	LABEL=Research Technique
cytometric bead array assay measuring epitope specific macrophage migration inhibitory factor (MIF) production by T cells	LABEL=Research Technique
cytometric bead array assay measuring epitope specific oncostatin M production by T cells	LABEL=Research Technique
ELISPOT assay measuring epitope specific perforin release by T cells	LABEL=Research Technique
in vivo assay measuring epitope specific proliferation of T cells	LABEL=Research Technique
biological activity assay measuring epitope specific proliferation of T cells	LABEL=Research Technique
in vitro assay measuring epitope specific proliferation of T cells	LABEL=Research Technique
in vitro assay measuring T cell epitope specific suppression	LABEL=Research Technique
MHC ligand assay	LABEL=Research Technique
immune epitope assay	LABEL=Research Technique
reporter gene assay	LABEL=Research Technique
enhancer activity detection by reporter gene assay	LABEL=Research Technique
transcription cofactor activity region identification by ChIP-Seq assay	LABEL=Research Technique
transcript expression location detection by hybridization chain reaction assay	LABEL=Research Technique
Tet-assisted bisulfite sequencing assay	LABEL=Research Technique
MethylC-Capture sequencing assay	LABEL=Research Technique
carboxyfluorescein succinimidyl ester staining assay measuring epitope specific proliferation of T cells	LABEL=Research Technique
carboxyfluorescein succinimidyl ester staining assay	LABEL=Research Technique
assay measuring the on rate [kon] of a T cell epitope:MHC:TCR complex	LABEL=Research Technique
assay measuring the off rate [koff] of a T cell epitope:MHC:TCR complex	LABEL=Research Technique
assay measuring the association constant [KA] of a T cell epitope:MHC:TCR complex	LABEL=Research Technique
small-angle scattering assay determining the 3D structure of a B cell epitope:antibody complex	LABEL=Research Technique
small-angle scattering assay	LABEL=Research Technique
bio-layer interferometry assay measuring the on rate [kon] of a B cell epitope:antibody complex	LABEL=Research Technique
bio-layer interferometry assay	LABEL=Research Technique
bio-layer interferometry assay measuring the off rate [koff] of a B cell epitope:antibody complex	LABEL=Research Technique
bio-layer interferometry assay measuring binding of a B cell epitope:antibody complex	LABEL=Research Technique
bio-layer interferometry assay measuring the dissociation constant [KD] of a B cell epitope:antibody complex	LABEL=Research Technique
enhanced cross-linking immunoprecipitation high-throughput sequencing assay	LABEL=Research Technique
small RNA sequencing assay	LABEL=Research Technique
bromouridine labeling and sequencing assay	LABEL=Research Technique
bromouridine pulse-chase and sequencing assay	LABEL=Research Technique
cytometry time of flight assay	LABEL=Research Technique
high performance liquid chromotography assay	LABEL=Research Technique
whole genome sequencing assay	LABEL=Research Technique
exome sequencing assay	LABEL=Research Technique
mixed lymphocyte reaction assay	LABEL=Research Technique
killer cell immunoglobulin-like receptor typing assay	LABEL=Research Technique
major histocompatibility typing assay	LABEL=Research Technique
pulse stable isotope labeling by amino acids in cell culture	LABEL=Research Technique
cytometric bead array assay measuring  epitope specific chemokine (C-C motif) ligand 20 production by T cells	LABEL=Research Technique
biological activity assay measuring epitope specific chemokine (C-C motif) ligand 20 production by T cells	LABEL=Research Technique
temperature measurement assay	LABEL=Research Technique
volume measurement assay	LABEL=Research Technique
Nanostring nCounter miRNA expression assay	LABEL=Research Technique
bromouride labeling and sequencing after UV exposure	LABEL=Research Technique
extrachromosomal circular DNA sequencing assay	LABEL=Research Technique
antigen specific antibodies assay	LABEL=Research Technique
HIV antibody assay	LABEL=Research Technique
HIV group O antibody assay	LABEL=Research Technique
surface HBV antibody assay	LABEL=Research Technique
core HBV antibody assay	LABEL=Research Technique
core HBV IgM antibody assay	LABEL=Research Technique
HCV antibody assay	LABEL=Research Technique
EBV IgG antibody assay	LABEL=Research Technique
EBV IgM antibody assay	LABEL=Research Technique
CMV antibody assay	LABEL=Research Technique
venereal disease research laboratory test	LABEL=Research Technique
rapid plasma reagin test	LABEL=Research Technique
HBV surface antigen assay	LABEL=Research Technique
HIV-1 nucleic acid testing	LABEL=Research Technique
HCV nucleic acid testing	LABEL=Research Technique
multiplexed indexed T7 ChIP-seq assay	LABEL=Research Technique
systematic evolution of ligands by exponential enrichment assay	LABEL=Research Technique
DNAse footprinting assay	LABEL=Research Technique
mammalian 2-hybrid assay	LABEL=Research Technique
protein localization assay	LABEL=Research Technique
tissue-based protein localization assay	LABEL=Research Technique
subcellular protein localization assay	LABEL=Research Technique
subcellular protein immunohistochemistry assay	LABEL=Research Technique
ChIP-qPCR assay	LABEL=Research Technique
genomic SELEX	LABEL=Research Technique
dot blot assay	LABEL=Research Technique
Northwestern blot assay	LABEL=Research Technique
Southwestern blot assay	LABEL=Research Technique
immunocytochemistry	LABEL=Research Technique
ATP bioluminescence assay	LABEL=Research Technique
electrophysiology assay	LABEL=Research Technique
patch clamp assay	LABEL=Research Technique
whole-cell patch clamp assay	LABEL=Research Technique
cell-attached patch clamp assay	LABEL=Research Technique
inside-out patch clamp assay	LABEL=Research Technique
outside-out patch clamp assay	LABEL=Research Technique
voltage clamp assay	LABEL=Research Technique
two electrode voltage clamp assay	LABEL=Research Technique
cut open oocyte voltage clamp assay	LABEL=Research Technique
current clamp assay	LABEL=Research Technique
electroencephalography	LABEL=Research Technique
single-unit recording	LABEL=Research Technique
multi-unit recording	LABEL=Research Technique
local field potential recording	LABEL=Research Technique
RNA interactome capture	LABEL=Research Technique
widefield microscopy	LABEL=Research Technique
Hi-C assay	LABEL=Research Technique
physical examination of individual	LABEL=Research Technique
hydroxyl-radical footprinting assay	LABEL=Research Technique
methidiumpropyl-EDTA-iron(II) footprinting assay	LABEL=Research Technique
transcription start site mapping by primer extension assay	LABEL=Research Technique
hydroxyl-radical footprinting assay measuring binding of a B cell epitope:antibody complex	LABEL=Research Technique
ELISA measuring epitope specific interferon-alpha production by T cells	LABEL=Research Technique
biological activity assay measuring epitope specific interferon-alpha production by T cells	LABEL=Research Technique
precision nuclear run-on sequencing assay	LABEL=Research Technique
chromosome conformation capture-on-chip assay	LABEL=Research Technique
genotype phasing by Hi-C assay	LABEL=Research Technique
transcript analysis by single-end sequencing assay	LABEL=Research Technique
differential medium assay	LABEL=Research Technique
histopathology assay	LABEL=Research Technique
histological assay	LABEL=Research Technique
polyA-selected RNA sequencing assay	LABEL=Research Technique
polyA-depleted RNA sequencing assay	LABEL=Research Technique
isoform sequencing	LABEL=Research Technique
chromosome conformation capture sequencing assay	LABEL=Research Technique
reconstitution assay	LABEL=Research Technique
in vitro transcription reconstitution assay	LABEL=Research Technique
whole metagenome sequencing assay	LABEL=Research Technique
RNAi knockdown assay	LABEL=Research Technique
direct RNA sequencing assay	LABEL=Research Technique
single-cell RNA sequencing assay	LABEL=Research Technique
in vivo assay measuring B cell epitope specific disease exacerbation resulting from the adoptive transfer of epitope specific antibodies or B cells	LABEL=Research Technique
in vivo assay measuring a B cell epitope specific response after adoptive transfer of epitope specific antibodies or B cells	LABEL=Research Technique
in vivo assay measuring T cell epitope specific disease reduction resulting from the adoptive transfer of epitope specific T cells	LABEL=Research Technique
in vivo assay measuring a T cell epitope specific response after adoptive transfer of epitope specific T cells	LABEL=Research Technique
in vivo assay measuring B cell epitope specific disease reduction resulting from adoptive transfer of epitope specific antibodies or B cells	LABEL=Research Technique
in vivo assay measuring T cell epitope specific protection from challenge resulting from the adoptive transfer of epitope specific T cells	LABEL=Research Technique
in vivo assay measuring B cell epitope specific protection from challenge resulting from adoptive transfer of epitope specific antibodies or B cells	LABEL=Research Technique
in vivo assay measuring T cell epitope specific protection from challenge resulting from the adoptive transfer of epitope specific T cells based on pathogen burden	LABEL=Research Technique
in vivo assay measuring B cell epitope specific protection from challenge resulting from the adoptive transfer of epitope specific antibodies or B cells based on pathogen burden	LABEL=Research Technique
in vivo assay measuring T cell epitope specific protection from challenge resulting from the adoptive transfer of epitope specific T cells based on survival	LABEL=Research Technique
in vivo assay measuring B cell epitope specific protection from challenge resulting from the adoptive transfer of epitope specific antibodies or B cells based on survival	LABEL=Research Technique
in vivo assay measuring T cell epitope specific protection from tumor challenge resulting from the adoptive transfer of epitope specific T cells	LABEL=Research Technique
in vivo assay measuring B cell epitope specific protection from tumor challenge resulting from the adoptive transfer of epitope specific antibodies or B cells	LABEL=Research Technique
in vivo assay measuring T cell epitope specific tolerance induction resulting from the adoptive transfer of epitope specific T cells	LABEL=Research Technique
in vivo assay measuring B cell epitope specific tolerance induction resulting from the adoptive transfer of epitope specific antibodies or B cells	LABEL=Research Technique
Giemsa stain assay	LABEL=Research Technique
blood microbiology assay	LABEL=Research Technique
cytometric bead array assay measuring epitope specific interleukin-15 production by T cells	LABEL=Research Technique
cytometric bead array assay measuring epitope specific interleukin-16 production by T cells	LABEL=Research Technique
in vivo assay measuring B cell epitope specific induction of hypersensitivity resulting from the adoptive transfer of epitope specific antibodies or B cells	LABEL=Research Technique
in vivo skin test assay measuring T cell epitope specific type IV hypersensitivity resulting from the adoptive transfer of epitope specific T cells	LABEL=Research Technique
in vivo assay measuring epitope specific proliferation of T cells resulting from the adoptive transfer of epitope specific T cells	LABEL=Research Technique
biological activity assay measuring epitope specific helper T cell enhancement of a B cell mediated immune response resulting from the adoptive transfer of epitope specific T cells	LABEL=Research Technique
biological activity assay measuring epitope specific helper T cell enhancement of a T cell mediated immune response resulting from the adoptive transfer of epitope specific T cells	LABEL=Research Technique
in vivo assay measuring epitope specific T cell killing resulting from the adoptive transfer of epitope specific T cells	LABEL=Research Technique
ELISA measuring epitope specific perforin release by T cells	LABEL=Research Technique
massively parallel reporter assay	LABEL=Research Technique
in vivo assay measuring T cell epitope specific disease exacerbation resulting from the adoptive transfer of epitope specific T cells	LABEL=Research Technique
pseudovirus entry assay	LABEL=Research Technique
restriction fragment length polymorphism assay	LABEL=Research Technique
DNA fingerprinting assay	LABEL=Research Technique
insecticide resistance assay	LABEL=Research Technique
insecticide resistance by monitoring known mutations assay	LABEL=Research Technique
insecticide resistance by detecting enzyme activity assay	LABEL=Research Technique
insecticide resistance bioassay	LABEL=Research Technique
insecticide resistance by detecting alpha esterase activity assay	LABEL=Research Technique
insecticide resistance by detecting beta esterase activity assay	LABEL=Research Technique
insecticide resistance by detecting acetylcholinesterase activity assay	LABEL=Research Technique
insecticide resistance by detecting glutathione S-transferase activity assay	LABEL=Research Technique
insecticide resistance by detecting carboxylic ester hydrolase activity assay	LABEL=Research Technique
insecticide resistance by detecting mixed-function oxidase assay	LABEL=Research Technique
direct insecticide resistance bioassay	LABEL=Research Technique
topical application insecticide resistance bioassay	LABEL=Research Technique
direct insecticide resistance diagnostic assay	LABEL=Research Technique
insecticide resistance dose response assay	LABEL=Research Technique
insecticide resistance time response assay	LABEL=Research Technique
Centre for Disease Control and Prevention bottle bioassay	LABEL=Research Technique
WHO cone kit diagnostic assay	LABEL=Research Technique
WHO paper kit diagnostic assay	LABEL=Research Technique
WHO larvicide diagnostic assay	LABEL=Research Technique
insecticide resistance dose response by bottle assay	LABEL=Research Technique
insecticide resistance dose response by survival of larvae assay	LABEL=Research Technique
insecticide resistance dose response by WHO paper kit assay	LABEL=Research Technique
insecticide resistance time response by bottle assay	LABEL=Research Technique
insecticide resistance time response by WHO paper kit assay	LABEL=Research Technique
insecticide resistance by amplification refractory mutation system assay	LABEL=Research Technique
insecticide resistance by primer introduced restriction analysis PCR assay	LABEL=Research Technique
insecticide resistance by nested polymerase chain reaction assay	LABEL=Research Technique
insecticide resistance by ligase detection reaction assay	LABEL=Research Technique
insecticide resistance by ligase detection reaction-fluorescent microsphere assay	LABEL=Research Technique
insecticide resistance by PCR amplification of specific alleles assay	LABEL=Research Technique
insecticide resistance by fluorogenic PCR assay	LABEL=Research Technique
insecticide resistance by PCR-RELP assay	LABEL=Research Technique
insecticide resistance by short interspersed elements PCR assay	LABEL=Research Technique
pathogen detection assay	LABEL=Research Technique
VectorTest assay	LABEL=Research Technique
pathogen detection by Rapid Analyte Measurement Platform assay	LABEL=Research Technique
pathogen detection by loop-mediated isothermal amplification assay	LABEL=Research Technique
blood meal assay	LABEL=Research Technique
blood meal by counter current immunoelectrophoresis assay	LABEL=Research Technique
DNA based blood meal finger printing assay	LABEL=Research Technique
organism identification by size assay	LABEL=Research Technique
organism identification by cross mating assay	LABEL=Research Technique
organism identification by cytological chromosome examination assay	LABEL=Research Technique
organism identification by isoenzyme electrophoresis assay	LABEL=Research Technique
organism identification by morphological examination assay	LABEL=Research Technique
organism identification by PCR assay	LABEL=Research Technique
organism identification by specific DNA hybridization assay	LABEL=Research Technique
organism identification by salinity tolerance assay	LABEL=Research Technique
comet assay	LABEL=Research Technique
PCR-SSCP assay	LABEL=Research Technique
tumor grading	LABEL=Research Technique
substance detection assay	LABEL=Research Technique
longitudinal mass measurement assay	LABEL=Research Technique
ELISPOT assay measuring epitope specific interleukin-2 production by T cells	LABEL=Research Technique
ELISPOT assay measuring epitope specific interferon-gamma production by T cells	LABEL=Research Technique
51 chromium assay measuring epitope specific T cell killing	LABEL=Research Technique
chromium release assay	LABEL=Research Technique
ELISA measuring epitope specific interferon-gamma production by T cells	LABEL=Research Technique
ELISA measuring epitope specific interleukin-2 production by T cells	LABEL=Research Technique
ELISA measuring epitope specific interleukin-4 production by T cells	LABEL=Research Technique
ELISA measuring epitope specific interleukin-5 production by T cells	LABEL=Research Technique
ELISA measuring epitope specific tumor necrosis factor production by T cells	LABEL=Research Technique
ELISA measuring epitope specific interleukin-10 production by T cells	LABEL=Research Technique
ELISA measuring epitope specific granulocyte macrophage colony-stimulating factor production by T cells	LABEL=Research Technique
ELISA measuring epitope specific interleukin-6 production by T cells	LABEL=Research Technique
ELISA measuring epitope specific interleukin-13 production by T cells	LABEL=Research Technique
ELISA measuring epitope specific interleukin-12 production by T cells	LABEL=Research Technique
ELISA measuring epitope specific interleukin-1 beta production by T cells	LABEL=Research Technique
ELISA measuring epitope specific interleukin-18 production by T cells	LABEL=Research Technique
ELISPOT assay measuring epitope specific interleukin-4 production by T cells	LABEL=Research Technique
ELISPOT assay measuring epitope specific tumor necrosis factor production by T cells	LABEL=Research Technique
ELISPOT assay measuring epitope specific interleukin-10 production by T cells	LABEL=Research Technique
ELISPOT assay measuring epitope specific interleukin-13 production by T cells	LABEL=Research Technique
intracellular cytokine staining assay measuring epitope specific interferon-gamma production by T cells	LABEL=Research Technique
intracellular cytokine staining assay measuring epitope specific interleukin-2 production by T cells	LABEL=Research Technique
intracellular cytokine staining assay measuring epitope specific tumor necrosis factor production by T cells	LABEL=Research Technique
intracellular cytokine staining assay measuring epitope specific interleukin-4 production by T cells	LABEL=Research Technique
intracellular cytokine staining assay measuring epitope specific interleukin-10 production by T cells	LABEL=Research Technique
3H-thymidine assay measuring epitope specific proliferation of T cells	LABEL=Research Technique
BrdU assay measuring epitope specific proliferation of T cells	LABEL=Research Technique
assay detecting IFN-gamma production	LABEL=Research Technique
