immunoprécipitation	LABEL=Research Technique
immunology	LABEL=Research Technique
CP/MS	LABEL=Research Technique
coupling analysis	LABEL=Research Technique
AFM	LABEL=Research Technique
imagery	LABEL=Research Technique
atomic absorption	LABEL=Research Technique
elementary analysis	LABEL=Research Technique
analyse aux rayons X	LABEL=Research Technique
molecular analysis	LABEL=Research Technique
bioinformatics analysis	LABEL=Research Technique
data analysis	LABEL=Research Technique
comparative analysis in-silico	LABEL=Research Technique
tool	LABEL=Research Technique
speciation analysis	LABEL=Research Technique
differential proteomic analysis	LABEL=Research Technique
proteomics tool	LABEL=Research Technique
enzymatic analysis	LABEL=Research Technique
enzymological analysis	LABEL=Research Technique
histological analysis	LABEL=Research Technique
histology	LABEL=Research Technique
isotopic analysis	LABEL=Research Technique
differential metabolic analysis	LABEL=Research Technique
outil métabolomique	LABEL=Research Technique
analyse par alkylation	LABEL=Research Technique
outil de la biochimie	LABEL=Research Technique
analysis by reverse genetics	LABEL=Research Technique
outil génomique	LABEL=Research Technique
proteomic analysis by fluorescence	LABEL=Research Technique
analyse puces ADN	LABEL=Research Technique
statistical analysis	LABEL=Research Technique
metagenomic approach	LABEL=Research Technique
biacore	LABEL=Research Technique
bioindication	LABEL=Research Technique
bioluminescence	LABEL=Research Technique
biopuce	LABEL=Research Technique
biorémédiation	LABEL=Research Technique
rémédiation	LABEL=Research Technique
CATMA	LABEL=Research Technique
IC50	LABEL=Research Technique
outil de la biologie cellulaire	LABEL=Research Technique
CLHP-MS/MS	LABEL=Research Technique
chromatographie	LABEL=Research Technique
CZE	LABEL=Research Technique
capillary	LABEL=Research Technique
structural characterization	LABEL=Research Technique
crystallography	LABEL=Research Technique
chimiluminescence	LABEL=Research Technique
chimiométrie	LABEL=Research Technique
gas chromatography (GC)	LABEL=Research Technique
liquid chromatography	LABEL=Research Technique
nano-flow liquid chromatography	LABEL=Research Technique
enzyme kinetics	LABEL=Research Technique
cloning	LABEL=Research Technique
outil génetique	LABEL=Research Technique
co-immunoprécipitation	LABEL=Research Technique
histological section	LABEL=Research Technique
screening	LABEL=Research Technique
high-throughput screening	LABEL=Research Technique
in silico screening	LABEL=Research Technique
screening PDB	LABEL=Research Technique
two-dimensional crystallization	LABEL=Research Technique
three-dimensional crystallization	LABEL=Research Technique
electron crystallography	LABEL=Research Technique
culture organotypique	LABEL=Research Technique
flow cytometry	LABEL=Research Technique
cytotoxicité	LABEL=Research Technique
LD50	LABEL=Research Technique
DSC	LABEL=Research Technique
dégazage	LABEL=Research Technique
diagnostic clinique	LABEL=Research Technique
histological diagnosis	LABEL=Research Technique
isotope dilution	LABEL=Research Technique
dosimétrie	LABEL=Research Technique
two-hybrid	LABEL=Research Technique
EAO AOS	LABEL=Research Technique
ES/MS	LABEL=Research Technique
EXAFS	LABEL=Research Technique
electrochimie	LABEL=Research Technique
electrochromatography	LABEL=Research Technique
electrophorèse capillaire	LABEL=Research Technique
electrophorèse	LABEL=Research Technique
electrophorèse 2D	LABEL=Research Technique
gel electrophoresis	LABEL=Research Technique
electrophysiology	LABEL=Research Technique
physiology Tool	LABEL=Research Technique
émission x	LABEL=Research Technique
µPIXE	LABEL=Research Technique
etiquetage GFP	LABEL=Research Technique
etude cytogénétique	LABEL=Research Technique
study of interaction	LABEL=Research Technique
phenotypic study	LABEL=Research Technique
phylogenetic study	LABEL=Research Technique
topological study	LABEL=Research Technique
functional expression	LABEL=Research Technique
gene expression	LABEL=Research Technique
heterologous expression	LABEL=Research Technique
transient expression	LABEL=Research Technique
FISH	LABEL=Research Technique
FT-IR	LABEL=Research Technique
filtration	LABEL=Research Technique
fluorescence	LABEL=Research Technique
laser fluorescence	LABEL=Research Technique
fluorochrome	LABEL=Research Technique
flux isotopique	LABEL=Research Technique
Protein fractionation	LABEL=Research Technique
GC-MS	LABEL=Research Technique
GC-MS et ICP	LABEL=Research Technique
gamétogenèse	LABEL=Research Technique
gammamétrie	LABEL=Research Technique
radiochimie	LABEL=Research Technique
reverse genetics	LABEL=Research Technique
H2AX (test de réparation)	LABEL=Research Technique
HPLC	LABEL=Research Technique
HPLC-MS	LABEL=Research Technique
HPLC, capillary, nano	LABEL=Research Technique
hybridization	LABEL=Research Technique
hybridation génomique comparative	LABEL=Research Technique
northern hybridization	LABEL=Research Technique
ICP-AES	LABEL=Research Technique
ICP-MS	LABEL=Research Technique
ITC	LABEL=Research Technique
imagerie fonctionnelle du petit animal	LABEL=Research Technique
immunohistology	LABEL=Research Technique
immunochimie	LABEL=Research Technique
immunocytochimie	LABEL=Research Technique
immunofluorescence	LABEL=Research Technique
immunohistochimie	LABEL=Research Technique
immunopurification	LABEL=Research Technique
isotope-coded affinity tags (ICAT)	LABEL=Research Technique
KRYPTOR	LABEL=Research Technique
LC-MS	LABEL=Research Technique
LC-MS/MS	LABEL=Research Technique
LH	LABEL=Research Technique
logiciel PDQuest	LABEL=Research Technique
MALDI Q-TOF	LABEL=Research Technique
marquage	LABEL=Research Technique
marquage différentiel	LABEL=Research Technique
marquage isotopique différentiel	LABEL=Research Technique
mesure activité enzymatique	LABEL=Research Technique
mesure de phosphorylation	LABEL=Research Technique
métabolome	LABEL=Research Technique
méthode des comètes	LABEL=Research Technique
méthode SAGE	LABEL=Research Technique
méthode SCSA	LABEL=Research Technique
méthode TUNEL	LABEL=Research Technique
méthylation de l’ADN	LABEL=Research Technique
micro-spéciation 2D	LABEL=Research Technique
micro-spéciation 3D	LABEL=Research Technique
microdialysis	LABEL=Research Technique
photomicrograph	LABEL=Research Technique
microscopy	LABEL=Research Technique
microscopie à fluorescence	LABEL=Research Technique
microscopie à force atomique	LABEL=Research Technique
microscopie confocale	LABEL=Research Technique
microscopie électronique	LABEL=Research Technique
scanning electron microscopy (SEM)	LABEL=Research Technique
transmission electron microscopy (TEM)	LABEL=Research Technique
microscopie ionique	LABEL=Research Technique
nuclear microprobe	LABEL=Research Technique
minisatellite	LABEL=Research Technique
modélisation	LABEL=Research Technique
modélisation par homologie	LABEL=Research Technique
multifish	LABEL=Research Technique
random mutagenesis and insertional	LABEL=Research Technique
mutagenèse dirigée	LABEL=Research Technique
nanoCL	LABEL=Research Technique
northern blot	LABEL=Research Technique
outil anticorps	LABEL=Research Technique
outil bioinformatique	LABEL=Research Technique
transcriptomics tool	LABEL=Research Technique
PARP	LABEL=Research Technique
PCR	LABEL=Research Technique
genomic PCR	LABEL=Research Technique
PFGE (test de réparation)	LABEL=Research Technique
patch-clamp	LABEL=Research Technique
scanner d'animal	LABEL=Research Technique
phosphorescence	LABEL=Research Technique
phosphorylation	LABEL=Research Technique
photochimie	LABEL=Research Technique
phytorémédiation	LABEL=Research Technique
piégeage cryogénique	LABEL=Research Technique
promotor	LABEL=Research Technique
protéome	LABEL=Research Technique
protéomique différentielle	LABEL=Research Technique
puce ADN	LABEL=Research Technique
puce à oligonucléotides	LABEL=Research Technique
puce TC/COF	LABEL=Research Technique
Q-RT-PCR	LABEL=Research Technique
RBS	LABEL=Research Technique
RNAi	LABEL=Research Technique
RPE	LABEL=Research Technique
RT-PCR	LABEL=Research Technique
radiolysis	LABEL=Research Technique
radiothérapie	LABEL=Research Technique
recombinaison homologue	LABEL=Research Technique
réparation Base excision repair (BER)	LABEL=Research Technique
réparation nucleotide excision repair (NER)	LABEL=Research Technique
Résonance Magnétique Nucléaire (RMN)	LABEL=Research Technique
SILAC	LABEL=Research Technique
scanner de puce ADN	LABEL=Research Technique
séquençage	LABEL=Research Technique
séquençage nucléotidique	LABEL=Research Technique
sonde fluorescente	LABEL=Research Technique
spectrofluorimétrie	LABEL=Research Technique
spectrofluorimétrie laser	LABEL=Research Technique
spectrofluorimétrie laser à résolution temporelle (SLRT)	LABEL=Research Technique
spectrométrie de masse piège ionique (ITMS)	LABEL=Research Technique
spectrométrie optique	LABEL=Research Technique
spectrométrie (EDS)	LABEL=Research Technique
spectrophotométrie	LABEL=Research Technique
spectroscopy	LABEL=Research Technique
spectroscopie d’absorption X	LABEL=Research Technique
spectroscopy (NMR, UV-visible, EPR)	LABEL=Research Technique
spermatogenèse	LABEL=Research Technique
surexpression	LABEL=Research Technique
synchrotron	LABEL=Research Technique
synthèse organique	LABEL=Research Technique
synthèse peptidique rationnelle	LABEL=Research Technique
TILLING	LABEL=Research Technique
technique DIGE	LABEL=Research Technique
technique de marquage	LABEL=Research Technique
technique far-western	LABEL=Research Technique
technique immunologique	LABEL=Research Technique
technique pull-down	LABEL=Research Technique
technique séparative couplée	LABEL=Research Technique
test ATP	LABEL=Research Technique
test de phosphorylation	LABEL=Research Technique
transcription test	LABEL=Research Technique
thermoluminescence	LABEL=Research Technique
tomography	LABEL=Research Technique
tomographie moléculaire	LABEL=Research Technique
traitement du signal	LABEL=Research Technique
transcriptomics	LABEL=Research Technique
transfection	LABEL=Research Technique
transfert de gène	LABEL=Research Technique
transgénèse	LABEL=Research Technique
UV-VIS	LABEL=Research Technique
ultrafiltration	LABEL=Research Technique
vidéo-microscopie	LABEL=Research Technique
western blotting	LABEL=Research Technique
XANES	LABEL=Research Technique
µRBS	LABEL=Research Technique
