Hematopoietic System	LABEL=Tissue
Central Nervous System	LABEL=Tissue
Nervous System Part	LABEL=Tissue
Nervous System	LABEL=Tissue
Brain	LABEL=Tissue
Organ	LABEL=Tissue
Central Nervous System Part	LABEL=Tissue
Lung	LABEL=Tissue
Respiratory System	LABEL=Tissue
Musculoskeletal System	LABEL=Tissue
Organ System	LABEL=Tissue
Skeletal System	LABEL=Tissue
Musculoskeletal System Part	LABEL=Tissue
Hematopoietic and Lymphatic System Part	LABEL=Tissue
Hematopoietic and Lymphatic System	LABEL=Tissue
Breast	LABEL=Tissue
Body Part	LABEL=Tissue
Hematopoietic System	LABEL=Tissue
Central Nervous System	LABEL=Tissue
Nervous System Part	LABEL=Tissue
Nervous System	LABEL=Tissue
Brain	LABEL=Tissue
Organ	LABEL=Tissue
Central Nervous System Part	LABEL=Tissue
Lung	LABEL=Tissue
Respiratory System	LABEL=Tissue
Musculoskeletal System	LABEL=Tissue
Organ System	LABEL=Tissue
Skeletal System	LABEL=Tissue
Musculoskeletal System Part	LABEL=Tissue
Hematopoietic and Lymphatic System Part	LABEL=Tissue
Hematopoietic and Lymphatic System	LABEL=Tissue
Breast	LABEL=Tissue
Body Part	LABEL=Tissue
Hematopoietic System	LABEL=Tissue
Central Nervous System	LABEL=Tissue
Nervous System Part	LABEL=Tissue
Nervous System	LABEL=Tissue
Brain	LABEL=Tissue
Organ	LABEL=Tissue
Central Nervous System Part	LABEL=Tissue
Lung	LABEL=Tissue
Respiratory System	LABEL=Tissue
Musculoskeletal System	LABEL=Tissue
Organ System	LABEL=Tissue
Skeletal System	LABEL=Tissue
Musculoskeletal System Part	LABEL=Tissue
Hematopoietic and Lymphatic System Part	LABEL=Tissue
Hematopoietic and Lymphatic System	LABEL=Tissue
Breast	LABEL=Tissue
Body Part	LABEL=Tissue
